---
source: tui/src/bottom_pane/approval_overlay/clipping_tests.rs
assertion_line: 100
expression: "snapshots.join(\"\\n\\n\")"
---
bound=true 80x14

  Would you like to run the following command?

  Environment: local

  Reason: A reason requiring review.A reason requiring review.A reason
  requiring review.A reason requiring review.A reason requiring review.A
  reason requiring review.A reason requiring review.A reason requiring
  review.A reason requiring review.A reason requiring review.A reason
  requiring review.A reason requiring review.A reason requiring review.A
  [… 34 lines] ctrl+g view all
› 1. Yes, proceed (y)
  2. No, and tell Codex what to do differently (esc)
  Press enter to confirm or esc to cancel

bound=true 40x10

  Would you like to run the following
  command?

  [… 43 lines] ctrl+g view all
› 1. Yes, proceed (y)
  2. No, and tell Codex what to do
     differently (esc)
  Press enter to confirm or esc to
  cancel

bound=true 40x8

  Would you like to run the following
  [… 43 lines] ctrl+g view all
› 1. Yes, proceed (y)
  2. No, and tell Codex what to do
     differently (esc)
  Press enter to confirm or esc to
  cancel

bound=true 40x7

  [… 43 lines] ctrl+g view all
› 1. Yes, proceed (y)
  2. No, and tell Codex what to do
     differently (esc)
  Press enter to confirm or esc to
  cancel

bound=false 80x14

  Would you like to run the following command?

  Environment: local

  Reason: A reason requiring review.A reason requiring review.A reason
  requiring review.A reason requiring review.A reason requiring review.A
  reason requiring review.A reason requiring review.A reason requiring
  review.A reason requiring review.A reason requiring review.A reason
  requiring review.A reason requiring review.A reason requiring review.A
  [… 34 lines]
› 1. Yes, proceed (y)
  2. No, and tell Codex what to do differently (esc)
  Press enter to confirm or esc to cancel

bound=false 40x10

  Would you like to run the following
  command?

  [… 43 lines]
› 1. Yes, proceed (y)
  2. No, and tell Codex what to do
     differently (esc)
  Press enter to confirm or esc to
  cancel

bound=false 40x8

  Would you like to run the following
  [… 43 lines]
› 1. Yes, proceed (y)
  2. No, and tell Codex what to do
     differently (esc)
  Press enter to confirm or esc to
  cancel

bound=false 40x7

  [… 43 lines]
› 1. Yes, proceed (y)
  2. No, and tell Codex what to do
     differently (esc)
  Press enter to confirm or esc to
  cancel
