---
source: tui/src/pager_overlay.rs
assertion_line: 583
expression: term.backend()
---
"/ S T A T I C / / / / / / / / / / / / / "
"one                                     "
"two                                     "
"three                                   "
"~                                       "
"~                                       "
"───────────────────────────────── 100% ─"
" ↑/↓ to scroll · pgup/pgdn to page · hom"
" q close                                "
"                                        "
