---
source: tui/src/analytics_tests.rs
expression: selected_day
---
"  Analytics  ·  Live account                                                                        "
"  [7d]  30d  ·  Aug 27–Sep 2, 2026                                                                  "
"                                                                                                    "
"  1 Summary  [2 Total usage history]  3 Messages  4 Plugins called  5 Skills used  6 Top chats      "
"                                                                                                    "
"  ▎ Total usage history                                                                   By model  "
"  ────────────────────────────────────────────────────────────────────────────────────────────────  "
"  Total usage · relative units                                                                      "
"  Approximate · may be delayed up to 6 hours                                                        "
"                                                                             100          100       "
"   100                                             91                     ████████     ▇▇▇▇▇▇▇▇     "
"                                                ▇▇▇▇▇▇▇▇        81        ████████     ████████     "
"                         73                     ████████     ▅▅▅▅▅▅▅▅     ████████     ████████     "
"                      ▆▆▆▆▆▆▆▆        64        ████████     ████████     ████████     ████████     "
"                      ████████     ▅▅▅▅▅▅▅▅     ████████     ████████     ████████     ████████     "
"                      ████████     ████████     ████████     ████████     ████████     ████████     "
"    50                ████████     ████████     ████████     ████████     ████████     ████████     "
"                      ████████     ████████     ████████     ████████     ████████     ████████     "
"            20        ████████     ████████     ████████     ████████     ████████     ████████     "
"         ▃▃▃▃▃▃▃▃     ████████     ████████     ████████     ████████     ████████     ████████     "
"         ████████     ████████     ████████     ████████     ████████     ████████     ████████     "
"         ████████     ████████     ████████     ████████     ████████     ████████     ████████     "
"     0 ───────────────────────────────────────────────────────────────────────────────────────────  "
"                                                                                           ▲        "
"          Aug 27       Aug 28       Aug 29       Aug 30       Aug 31        Sep 1        Sep 2      "
"                                                                                                    "
"  ────────────────────────────────────────────────────────                                          "
"  Sep 2 · 100 usage units                                                                           "
"  Model                                              Share                                          "
"  ● Remote GPT-5.6-Sol                               91.1%                                          "
"  ● Remote GPT-5.5                                    6.8%                                          "
"  ● Remote Other                                      2.1%                                          "
"  ● Remote GPT-5.6-Terra                              0.0%                                          "
"  ● Remote Model E                                    0.0%                                          "
"  ● Remote Model F                                    0.0%                                          "
"                                                                                                    "
"  tab/1–6 section · z dashboard · ←/→ day · enter details                                           "
"  r 7/30d · g group · R refresh · esc back · q close                                                "
