---
source: tui/src/analytics_tests.rs
expression: "format!(\"{wide}\\n{narrow}\")"
---
"  Analytics  ·  Live account                                                                                            "
"                                                                                                                        "
"                                                                                                                        "
"  1 Summary  2 Credits usage history  3 Token usage history  4 Plugins called  5 Skills used  [6 Top chats]             "
"                                                                                                                        "
"  ▎ Top chats                                                                                                           "
"  ────────────────────────────────────────────────────────────────────────────────────────────────────────────────────  "
"  Active in past 30 days · sorted by lifetime credits                                                                   "
"                                                                                                                        "
"    Chat                                                                          Lifetime credits                      "
"  › Q3 planning analysis                                                                    120.00                      "
"    ──────────────────────────────────────────────────────────────────────────────────────────────                      "
"    Model                                               Effort        Speed                Credits                      "
"    GPT-5.6-Sol                                         high          standard              120.00                      "
"                                                                                                                        "
"    Refactor billing usage                                                                  113.00                      "
"    Other usage                                                                             109.00                      "
"    Launch readiness review                                                                  85.00                      "
"    Plan the week                                                                             0.00                      "
"                                                                                                                        "
"  Showing 1–5 of 5 chats                                                                                                "
"  Local chats · excludes archived chats and subagent usage                                                              "
"                                                                                                                        "
"                                                                                                                        "
"                                                                                                                        "
"                                                                                                                        "
"                                                                                                                        "
"                                                                                                                        "
"                                                                                                                        "
"                                                                                                                        "
"                                                                                                                        "
"                                                                                                                        "
"                                                                                                                        "
"                                                                                                                        "
"                                                                                                                        "
"                                                                                                                        "
"                                                                                                                        "
"                                                                                                                        "
"                                                                                                                        "
"                                                                                                                        "
"  tab/1–6 section · z dashboard · ↑/↓ row · enter details                                                               "
"  R refresh · esc back · q close                                                                                        "

"  Analytics  ·  Live account                              "
"                                                          "
"                                                          "
"  Summary  Credits usage history  Token usage history     "
"  Plugins called  Skills used  [Top chats]                "
"                                                          "
"  ▎ Top chats                                             "
"  ──────────────────────────────────────────────────────  "
"  Active in past 30 days · sorted by lifetime credits     "
"                                                          "
"    Chat                                Lifetime credits  "
"  › Q3 planning analysis                          120.00  "
"    ────────────────────────────────────────────────────  "
"    Model / effort / speed                       Credits  "
"    GPT-5.6-Sol                                   120.00  "
"      high · standard                                     "
"                                                          "
"  tab/1–6 section · z dashboard · ↑/↓ row · enter         "
"  details                                                 "
"  R refresh · pgup/pgdn scroll · esc back · q close       "
