---
source: tui/src/app/agents_overview_tests.rs
expression: grouping
---
  Agent command center
  0 need input   0 working   4 ready
  ────────────────────────────────────────────────────────────────────────────────────────────────────────────────────────────────────────────────────────────
  /tmp/worktree-root/primary/  2
  › ○ Task  Ready
    ○ Task  Ready

  /tmp/worktree-root/primary/subdir/child  1
    ○ Task  Ready

  /tmp/worktree-root/primary/subdir/child  1
    ○ Task  Ready











  ↑↓ navigate  o resume  enter open  n new  w new worktree  f search  g group: project  r rename  x stop  h hide  a archive  del delete  ctrl+c quit
