---
source: tui/src/analytics_tests.rs
expression: tools
---
"  Analytics  ·  Live account                              "
"  7d  [30d]  ·  Aug 4–Sep 2, 2026                         "
"                                                          "
"  ╭─ ▸ 5 Skills used ──────────────────────────────────╮  "
"  │                                                    │  "
"  │ 30d                                                │  "
"  │ 169 uses                                           │  "
"  │                                                11  │  "
"  │  20 ▂▂ ▂▂ ▂▂ ▂▂ ▂▂ ▂▂ ▂▂ ▂ ▂▂ ▂▂ ▂▂ ▂▂ ▃▂ ▃▃ ▂▂ ▄  │  "
"  │   0 ────────────────────────────────────────────── │  "
"  │                                                 ▲  │  "
"  │     Aug 4  Aug 11     Aug 18     Aug 25      Sep 2 │  "
"  │                                                    │  "
"  │ Sep 2 · 11 uses                                    │  "
"  │ ● Testing                                        4 │  "
"  │ ● Code review                                    3 │  "
"  │                                                    │  "
"  tab/1–6 section · enter/z maximize                      "
"  r 7/30d · R refresh · pgup/pgdn scroll · esc back · q   "
"  close                                                   "
