---
source: tui/src/analytics_tests.rs
expression: "screen(&mut view, 85, 40)"
---
"  Analytics  ·  Live account · analytics@example.test                                "
"  [7d]  30d  ·  Aug 27–Sep 2, 2026                                                   "
"                                                                                     "
"  1 Summary  [2 Credits usage history]  3 Token usage history  4 Plugins called  5   "
"  Skills used  6 Top chats                                                           "
"                                                                                     "
"  ▎ Credits usage history                                                By product  "
"  ─────────────────────────────────────────────────────────────────────────────────  "
"  431.00 credits                                                                     "
"                                                                                     "
"   150                                                                               "
"                                                                                     "
"                                                                                     "
"                                                               109.00                "
"                                                               ▅▅▅▅▅▅▅               "
"                                          85.00                ███████               "
"                                                               ███████               "
"                                         ███████     75.00     ███████               "
"    75                         57.00     ███████    ███████    ███████     64.00     "
"                                         ███████    ███████    ███████    ▆▆▆▆▆▆▆    "
"                    41.00     ███████    ███████    ███████    ███████    ███████    "
"                   ▂▂▂▂▂▂▂    ███████    ███████    ███████    ███████    ███████    "
"                   ███████    ███████    ███████    ███████    ███████    ███████    "
"                   ███████    ███████    ███████    ███████    ███████    ███████    "
"                   ███████    ███████    ███████    ███████    ███████    ███████    "
"           0       ███████    ███████    ███████    ███████    ███████    ███████    "
"     0 ────────────────────────────────────────────────────────────────────────────  "
"                                                                  ▲                  "
"        Aug 27     Aug 28     Aug 29     Aug 30     Aug 31      Sep 1      Sep 2     "
"                                                                                     "
"  ────────────────────────────────────────────────────────                           "
"  Sep 1 · 109.00 credits                                                             "
"  Product                                          Credits                           "
"  ● CLI                                              39.00                           "
"  ● Desktop app                                      38.00                           "
"  ● IDE extension                                    18.00                           "
"  ● Web                                              14.00                           "
"                                                                                     "
"  tab/1–6 section · z dashboard · ←/→ day · enter details                            "
"  r 7/30d · g group · R refresh · esc back · q close                                 "
