---
source: tui/src/keymap_setup.rs
expression: "render_picker(params, 120)"
---

  Keymap
  All configurable shortcuts.
  151 actions, 0 customized, 6 unbound.

   All   Common   Customized (0)   Unbound (6)   App   Composer   Editor   Vim   Navigation   Agents   Approval      ›

  Type to search shortcuts

› Global       - Open Agents                unbound
  Global         Open Transcript            ctrl-t
  Global         Find Transcript            f3
  Global         Focus Activity             f4
  Global         Open External Editor       ctrl-g
  Global         Copy                       ctrl-o
  Global         Clear Terminal             ctrl-l
  Global       - Toggle Vim Mode            unbound
  Global       - Toggle Fast Mode           unbound
  Global         Toggle Raw Output          alt-r
  Global         Toggle Side Conversation   ctrl-/
  Chat           Interrupt Turn             esc
  Chat           Decrease Reasoning Effort  alt-,, shift-down
  Chat           Increase Reasoning Effort  alt-., shift-up
  Chat         - Previous Permission Mode   unbound
  Chat         - Next Permission Mode       unbound
  Chat           Edit Queued Message        alt-up, shift-left
  Chat           Prompt Stack Back          alt-down, shift-right
  Chat           Skip Question              ctrl-]
  Chat           Toggle Voice               f8
  Chat           Toggle Voice Mute          ctrl-x
  Composer       Submit                     enter
  Composer       Queue                      tab
  Composer       Toggle Shortcuts           ?, shift-?
↓
  left/right group · enter edit shortcut · * custom · - unbound · esc close
