---
source: tui/src/analytics_tests.rs
expression: "snapshots.join(\"\\n\")"
---
"  Analytics  ·  Live account                              "
"  [7d]  30d  ·  Aug 27–Sep 2, 2026                        "
"                                                          "
"  Summary  [Credits usage history]  Token usage history   "
"  Plugins called  Skills used  Top chats                  "
"                                                          "
"  ▎ Credits usage history                     By product  "
"  ──────────────────────────────────────────────────────  "
"  347.00 credits                                          "
"                                                          "
"   150                                                    "
"                                                          "
"                                          109.00          "
"                                           ▅▅▅▅           "
"                             85.00         ████           "
"                             ▆▆▆▆   75.00  ████   64.00   "
"    75                       ████   ████   ████           "
"                             ████   ████   ████   ████    "
"                             ████   ████   ████   ████    "
"               14.00         ████   ████   ████   ████    "
"                             ████   ████   ████   ████    "
"          0    ████     —    ████   ████   ████   ████    "
"     0 ─────────────────────────────────────────────────  "
"                        ▲                                 "
"       Aug 27 Aug 28 Aug 29 Aug 30 Aug 31  Sep 1  Sep 2   "
"                                                          "
"  ──────────────────────────────────────────────────────  "
"  Aug 29 · Not reported                                   "
"  Product                                        Credits  "
"  ● Desktop app                                        —  "
"  ● CLI                                                —  "
"  ● IDE extension                                      —  "
"  ● Web                                                —  "
"                                                          "
"  tab/1–6 section · z dashboard · ←/→ day · enter         "
"  details                                                 "
"  r 7/30d · R refresh · esc back · q close                "
"                                                          "

"  Analytics  ·  Live account                                                                                                                                    "
"  [7d]  30d  ·  Aug 27–Sep 2, 2026                                                                                                                              "
"                                                                                                                                                                "
"  1 Summary  [2 Credits usage history]  3 Token usage history  4 Plugins called  5 Skills used  6 Top chats                                                     "
"                                                                                                                                                                "
"  ▎ Credits usage history                                                                                                                           By product  "
"  ────────────────────────────────────────────────────────────────────────────────────────────────────────────────────────────────────────────────────────────  "
"  347.00 credits                                                                                                                                                "
"                                                                                                                                                                "
"   150                                                                                                                                                          "
"                                                                                                                                                                "
"                                                                                                                                                                "
"                                                                                                                         109.00                                 "
"                                                                                                                       ▇▇▇▇▇▇▇▇▇▇▇▇                             "
"                                                                               85.00                                   ████████████                             "
"                                                                            ▄▄▄▄▄▄▄▄▄▄▄▄             75.00             ████████████                             "
"    75                                                                      ████████████         ▄▄▄▄▄▄▄▄▄▄▄▄          ████████████             64.00           "
"                                                                            ████████████         ████████████          ████████████          ▃▃▃▃▃▃▃▃▃▃▃▃       "
"                                                                            ████████████         ████████████          ████████████          ████████████       "
"                                                                            ████████████         ████████████          ████████████          ████████████       "
"                                                                            ████████████         ████████████          ████████████          ████████████       "
"                                    14.00                                   ████████████         ████████████          ████████████          ████████████       "
"                                 ▃▃▃▃▃▃▃▃▃▃▃▃                               ████████████         ████████████          ████████████          ████████████       "
"                 0               ████████████               —               ████████████         ████████████          ████████████          ████████████       "
"     0 ───────────────────────────────────────────────────────────────────────────────────────────────────────────────────────────────────────────────────────  "
"                                                            ▲                                                                                                   "
"              Aug 27               Aug 28                Aug 29               Aug 30                Aug 31                Sep 1                 Sep 2           "
"                                                                                                                                                                "
"  ────────────────────────────────────────────────────────                                                                                                      "
"  Aug 29 · Not reported                                                                                                                                         "
"  Product                                          Credits                                                                                                      "
"  ● Desktop app                                          —                                                                                                      "
"  ● CLI                                                  —                                                                                                      "
"  ● IDE extension                                        —                                                                                                      "
"  ● Web                                                  —                                                                                                      "
"                                                                                                                                                                "
"  tab/1–6 section · z dashboard · ←/→ day · enter details                                                                                                       "
"  r 7/30d · R refresh · esc back · q close                                                                                                                      "
