---
source: tui/src/cwd_prompt.rs
expression: rendered
---

  Working directory · resume
  Session = latest cwd recorded in the resumed session
  Current = your current working directory

› 1. Use session directory (/Users/example/session)
  2. Use current directory (/Users/example/current)
  3. Always use session directory

  enter continue · esc use session · ctrl+c quit
