---
source: tui/src/analytics_tests.rs
expression: output
---
"  Analytics  ·  Live account                                                                        "
"  [7d]  30d  ·  Aug 27–Sep 2, 2026                                                                  "
"                                                                                                    "
"  1 Summary  [2 Credits usage history]  3 Token usage history  4 Plugins called  5 Skills used  6   "
"  Top chats                                                                                         "
"                                                                                                    "
"  ▎ Credits usage history                                                               By product  "
"  ────────────────────────────────────────────────────────────────────────────────────────────────  "
"  367.00 credits                                                                                    "
"                                                                           109.00                   "
"    150                              57.00        85.00        75.00      ▁▁▁▁▁▁▁▁                  "
"                        41.00      ▁▁▁▁▁▁▁▁     ▅▅▅▅▅▅▅▅     ▄▄▄▄▄▄▄▄     ████████                  "
"             0        ▆▆▆▆▆▆▆▆     ████████     ████████     ████████     ████████                  "
"      0 ──────────────────────────────────────────────────────────────────────────────────────────  "
"                                                                                       ▇▇▇▇▇▇▇▇     "
"                                                                                       -0.000004    "
"   -150                                                                                             "
"                                                                                                    "
"                                                                                           ▲        "
"          Aug 27       Aug 28       Aug 29       Aug 30       Aug 31        Sep 1        Sep 2      "
"                                                                                                    "
"  ────────────────────────────────────────────────────────                                          "
"  Sep 2 · -0.000004 credits                                                                         "
"  Product                                          Credits                                          "
"  ● CLI                                          -0.000004                                          "
"  ● Desktop app                                       0.00                                          "
"  ● IDE extension                                     0.00                                          "
"  ● Web                                               0.00                                          "
"                                                                                                    "
"                                                                                                    "
"  tab/1–6 section · z dashboard · ←/→ day · enter details                                           "
"  r 7/30d · R refresh · esc back · q close                                                          "
