---
source: tui/src/analytics_tests.rs
expression: "snapshots.join(\"\\n\")"
---
"  Analytics  ·  Live account                              "
"  [7d]  30d  ·  Aug 27–Sep 2, 2026                        "
"                                                          "
"  Summary  Total usage history  [Messages]  Plugins       "
"  called  Skills used  Top chats                          "
"                                                          "
"  ▎ Messages                                    By model  "
"  ──────────────────────────────────────────────────────  "
"  386 reported messages                                   "
"                                                          "
"   150                                                    "
"                                                          "
"                       107                                "
"                      ▄▄▄▄                                "
"                83    ████                                "
"               ▅▅▅▅   ████    75                          "
"    75   62    ████   ████   ████    59                   "
"        ▇▇▇▇   ████   ████   ████   ▅▅▅▅                  "
"        ████   ████   ████   ████   ████                  "
"        ████   ████   ████   ████   ████                  "
"        ████   ████   ████   ████   ████                  "
"        ████   ████   ████   ████   ████     0      —     "
"     0 ─────────────────────────────────────────────────  "
"                                             ▲            "
"       Aug 27 Aug 28 Aug 29 Aug 30 Aug 31  Sep 1  Sep 2   "
"                                                          "
"  ──────────────────────────────────────────────────────  "
"  No messages reported for Sep 1.                         "
"                                                          "
"                                                          "
"                                                          "
"                                                          "
"                                                          "
"                                                          "
"  tab/1–6 section · z dashboard · ←/→ day                 "
"  r 7/30d · g group · R refresh · esc back · q close      "
"                                                          "
"                                                          "

"  Analytics  ·  Live account                              "
"  [7d]  30d  ·  Aug 27–Sep 2, 2026                        "
"                                                          "
"  Summary  Total usage history  [Messages]  Plugins       "
"  called  Skills used  Top chats                          "
"                                                          "
"  ▎ Messages                                    By model  "
"  ──────────────────────────────────────────────────────  "
"  386 reported messages                                   "
"                                                          "
"   150                                                    "
"                                                          "
"                       107                                "
"                      ▄▄▄▄                                "
"                83    ████                                "
"               ▅▅▅▅   ████    75                          "
"    75   62    ████   ████   ████    59                   "
"        ▇▇▇▇   ████   ████   ████   ▅▅▅▅                  "
"        ████   ████   ████   ████   ████                  "
"        ████   ████   ████   ████   ████                  "
"        ████   ████   ████   ████   ████                  "
"        ████   ████   ████   ████   ████     0      —     "
"     0 ─────────────────────────────────────────────────  "
"                                                    ▲     "
"       Aug 27 Aug 28 Aug 29 Aug 30 Aug 31  Sep 1  Sep 2   "
"                                                          "
"  ──────────────────────────────────────────────────────  "
"  Data not reported for Sep 2.                            "
"                                                          "
"                                                          "
"                                                          "
"                                                          "
"                                                          "
"                                                          "
"  tab/1–6 section · z dashboard · ←/→ day                 "
"  r 7/30d · g group · R refresh · esc back · q close      "
"                                                          "
"                                                          "

"  Analytics  ·  Live account                                                                        "
"  [7d]  30d  ·  Aug 27–Sep 2, 2026                                                                  "
"                                                                                                    "
"  1 Summary  2 Total usage history  [3 Messages]  4 Plugins called  5 Skills used  6 Top chats      "
"                                                                                                    "
"  ▎ Messages                                                                              By model  "
"  ────────────────────────────────────────────────────────────────────────────────────────────────  "
"  386 reported messages                                                                             "
"                                                                                                    "
"   150                                                                                              "
"                                                                                                    "
"                                                                                                    "
"                                      107                                                           "
"                                   ▅▅▅▅▅▅▅▅                                                         "
"                         83        ████████                                                         "
"                      ▂▂▂▂▂▂▂▂     ████████        75                                               "
"    75      62        ████████     ████████     ▄▄▄▄▄▄▄▄                                            "
"         ▁▁▁▁▁▁▁▁     ████████     ████████     ████████        59                                  "
"         ████████     ████████     ████████     ████████     ▇▇▇▇▇▇▇▇                               "
"         ████████     ████████     ████████     ████████     ████████                               "
"         ████████     ████████     ████████     ████████     ████████                               "
"         ████████     ████████     ████████     ████████     ████████                               "
"         ████████     ████████     ████████     ████████     ████████                               "
"         ████████     ████████     ████████     ████████     ████████         0            —        "
"     0 ───────────────────────────────────────────────────────────────────────────────────────────  "
"                                                                              ▲                     "
"          Aug 27       Aug 28       Aug 29       Aug 30       Aug 31        Sep 1        Sep 2      "
"                                                                                                    "
"  ────────────────────────────────────────────────────────                                          "
"  No messages reported for Sep 1.                                                                   "
"                                                                                                    "
"                                                                                                    "
"                                                                                                    "
"                                                                                                    "
"                                                                                                    "
"                                                                                                    "
"  tab/1–6 section · z dashboard · ←/→ day                                                           "
"  r 7/30d · g group · R refresh · esc back · q close                                                "

"  Analytics  ·  Live account                                                                        "
"  [7d]  30d  ·  Aug 27–Sep 2, 2026                                                                  "
"                                                                                                    "
"  1 Summary  2 Total usage history  [3 Messages]  4 Plugins called  5 Skills used  6 Top chats      "
"                                                                                                    "
"  ▎ Messages                                                                              By model  "
"  ────────────────────────────────────────────────────────────────────────────────────────────────  "
"  386 reported messages                                                                             "
"                                                                                                    "
"   150                                                                                              "
"                                                                                                    "
"                                                                                                    "
"                                      107                                                           "
"                                   ▅▅▅▅▅▅▅▅                                                         "
"                         83        ████████                                                         "
"                      ▂▂▂▂▂▂▂▂     ████████        75                                               "
"    75      62        ████████     ████████     ▄▄▄▄▄▄▄▄                                            "
"         ▁▁▁▁▁▁▁▁     ████████     ████████     ████████        59                                  "
"         ████████     ████████     ████████     ████████     ▇▇▇▇▇▇▇▇                               "
"         ████████     ████████     ████████     ████████     ████████                               "
"         ████████     ████████     ████████     ████████     ████████                               "
"         ████████     ████████     ████████     ████████     ████████                               "
"         ████████     ████████     ████████     ████████     ████████                               "
"         ████████     ████████     ████████     ████████     ████████         0            —        "
"     0 ───────────────────────────────────────────────────────────────────────────────────────────  "
"                                                                                           ▲        "
"          Aug 27       Aug 28       Aug 29       Aug 30       Aug 31        Sep 1        Sep 2      "
"                                                                                                    "
"  ────────────────────────────────────────────────────────                                          "
"  Data not reported for Sep 2.                                                                      "
"                                                                                                    "
"                                                                                                    "
"                                                                                                    "
"                                                                                                    "
"                                                                                                    "
"                                                                                                    "
"  tab/1–6 section · z dashboard · ←/→ day                                                           "
"  r 7/30d · g group · R refresh · esc back · q close                                                "
