---
source: tui/src/bottom_pane/tests/picker_hint_tests.rs
expression: rendered
---
                                                            
  Choose an action                                          
                                                            
› 1. Continue                                               
                                                            
  Press f3 to confirm or f2 to go back
