---
source: mermaid/src/families_tests.rs
assertion_line: 107
expression: output
---
          ┌───────────────┐         ┌───────────────┐         ┌───────────────┐         ┌───────────────┐
          │ Buyer (actor) │         │ API           │         │ 库存          │         │ Payments      │
          └───────────────┘         └───────────────┘         └───────────────┘         └───────────────┘
                  │ Place order             │                         │                         │
                  ├─────────────────────────▶                         │                         │
                  │                         │                         │                         │
                  │                         │ Reserve items           │                         │
                  │                         ├─────────────────────────▶                         │
                  │                         │                         │                         │
                  │                         │ Reservation             │                         │
                  │                         ◀┄┄┄┄┄┄┄┄┄┄┄┄┄┄┄┄┄┄┄┄┄┄┄┄┄┤                         │
                  │                         │                         │                         │
┌─opt Items reserved───────────────────────────────────────────────────────────────────────────────────────────────────────────────┐
│                 │                         │                         │                         │                                  │
│                 │                         │                         │                         │                                  │
│ ┌─loop Up to 3 attempts────────────────────────────────────────────────────────────────────────────────────────────────────────┐ │
│ │               │                         │                         │                         │                                │ │
│ │               │                         │                         │                         │                                │ │
│ │               │                         │ Charge card             │                         │                                │ │
│ │               │                         ├─────────────────────────┼─────────────────────────▶                                │ │
│ │               │                         │                         │                         │                                │ │
│ │               │                         │                         │                         │ Check fraud                    │ │
│ │               │                         │                         │                         ├───┐                            │ │
│ │               │                         │                         │                         ◀───┘                            │ │
│ │               │                         │                         │                         │                                │ │
│ │               │                         │ Payment status          │                         │                                │ │
│ │               │                         ◀┄┄┄┄┄┄┄┄┄┄┄┄┄┄┄┄┄┄┄┄┄┄┄┄┄┼┄┄┄┄┄┄┄┄┄┄┄┄┄┄┄┄┄┄┄┄┄┄┄┄┄┤                                │ │
│ │               │                         │                         │                         │                                │ │
│ │ ┌─alt Approved─────────────────────────────────────────────────────────────────────────────────────────────────────────────┐ │ │
│ │ │             │                         │                         │                         │                              │ │ │
│ │ │             │                         │                         │                         │                              │ │ │
│ │ │             │                         ┌───────────────────────────────────────────────────┐                              │ │ │
│ │ │             │                         │ Note: Payment recorded                            │                              │ │ │
│ │ │             │                         └───────────────────────────────────────────────────┘                              │ │ │
│ │ │             │ Order confirmed         │                         │                         │                              │ │ │
│ │ │             ◀┄┄┄┄┄┄┄┄┄┄┄┄┄┄┄┄┄┄┄┄┄┄┄┄┄┤                         │                         │                              │ │ │
│ │ │             │                         │                         │                         │                              │ │ │
│ │ ├─else Declined────────────────────────────────────────────────────────────────────────────────────────────────────────────┤ │ │
│ │ │             │                         │                         │                         │                              │ │ │
│ │ │             │                         │                         │                         │                              │ │ │
│ │ │             │                         │ Release items           │                         │                              │ │ │
│ │ │             │                         ├─────────────────────────▶                         │                              │ │ │
│ │ │             │                         │                         │                         │                              │ │ │
│ │ │             │ Payment failed          │                         │                         │                              │ │ │
│ │ │             ◀┄┄┄┄┄┄┄┄┄┄┄┄┄┄┄┄┄┄┄┄┄┄┄┄┄┤                         │                         │                              │ │ │
│ │ │             │                         │                         │                         │                              │ │ │
│ │ └──────────────────────────────────────────────────────────────────────────────────────────────────────────────────────────┘ │ │
│ │               │                         │                         │                         │                                │ │
│ │               │                         │                         │                         │                                │ │
│ └──────────────────────────────────────────────────────────────────────────────────────────────────────────────────────────────┘ │
│                 │                         │                         │                         │                                  │
│                 │                         │                         │                         │                                  │
└──────────────────────────────────────────────────────────────────────────────────────────────────────────────────────────────────┘
                  │                         │                         │                         │
                  │                         │                         │                         │
