---
source: mermaid/src/tests.rs
assertion_line: 10
expression: "render(source, 100).unwrap()"
---
┌───────────────┐
│ Checkout      │
│               ├────────┐
└───────────────┘        │
                         │
                         │
┌───────────────┐        │
│ ◇ In stock?   │        │
│               ├◄───────┘
│               ├──yes─────┐
│               ├──no──────╪─┐
└───────────────┘          │ │
                           │ │
                           │ │
┌───────────────┐          │ │
│ Reserve       │          │ │
│               ├◄─────────┘ │
│               ├────────────╪─┐
└───────────────┘            │ │
                             │ │
                             │ │
┌───────────────┐            │ │
│ Waitlist      │            │ │
│               ├◄───────────┘ │
│               ├──────────────╪───────┐
└───────────────┘              │       │
                               │       │
                               │       │
┌───────────────┐              │       │
│ ◇ Paid?       │              │       │
│               ├◄─────────────┘       │
│               ├──yes───────────┐     │
│               ├──no────────────╪─┐   │
│               ├◄───────────────╪─╪─┐ │
└───────────────┘                │ │ │ │
                                 │ │ │ │
                                 │ │ │ │
┌───────────────┐                │ │ │ │
│ Ship          │                │ │ │ │
│               ├◄───────────────┘ │ │ │
│               ├──────────────────╪─╪─╪─┐
└───────────────┘                  │ │ │ │
                                   │ │ │ │
                                   │ │ │ │
┌───────────────┐                  │ │ │ │
│ Retry payment │                  │ │ │ │
│               ├◄─────────────────┘ │ │ │
│               ├────────────────────┘ │ │
└───────────────┘                      │ │
                                       │ │
                                       │ │
┌───────────────┐                      │ │
│ Notify buyer  │                      │ │
│               ├◄─────────────────────┘ │
│               ├◄───────────────────────┘
└───────────────┘
