---
source: mermaid/src/families_tests.rs
assertion_line: 125
expression: output
---
┌──────────────┐  ┌─────────────────────┐  ┌─────────┐
│ 请求         │  │ ◇ Réponse?          │  │ Ship 🚀 │
└┬──────┬──────┘  └┬──────┬──────┬──────┘  └┬────────┘
 │      ▲          ▲      │      │          ▲
 │准备  │          │      │retry │          │
 │      │          │      │      │          │
 │      │          │      │      │          │
 └──────╪──────────┘      │      │          │
        │                 │      │          │
        └─────────────────┘      │          │
                                 │          │
                                 └──────────┘
