---
source: tui/src/analytics/plan_tests.rs
expression: output
---
"  Analytics  ·  Live account                                                                                            "
"                                                                                                                        "
"                                                                                                                        "
"  ╭─   1 Summary ────────────────────────────────────────╮    ╭─   2 Total usage history ────────────────────────────╮  "
"  │                                                      │    │                                                      │  "
"  │ No history has been reported.                        │    │ 7d                                                   │  "
"  │                                                      │    │ By feature                                           │  "
"  │                                                      │    │ Total usage · relative units                         │  "
"  │                                                      │    │       20     73     64    91     81     100    86    │  "
"  │                                                      │    │  100  ▁▁▁▁  ▅▅▅▅   ▅▅▅▅   ▇▇▇▇  ▆▆▆▆   ████   ▆▆▆▆   │  "
"  │                                                      │    │    0 ─────────────────────────────────────────────── │  "
"  │                                                      │    │                                                 ▲    │  "
"  │                                                      │    │       27     28     29    30     31      1      2    │  "
"  │                                                      │    │                                                      │  "
"  │                                                      │    │ Sep 2 · 86 usage units                               │  "
"  │                                                      │    │ ● Tasks                                        64.0% │  "
"  │                                                      │    │ ● Code review                                  14.0% │  "
"  │                                                      │    │                                                      │  "
"  ╰──────────────────────────────────────────────────────╯    ╰──────────────────────────────────────────────────────╯  "
"                                                                                                                        "
"  ╭─ ▸ 3 Plan usage history ─────────────────────────────╮    ╭─   4 Messages ───────────────────────────────────────╮  "
"  │                                                      │    │                                                      │  "
"  │ By feature                                           │    │ 7d                                                   │  "
"  │ › 5-hour limits                                      │    │ By model                                             │  "
"  │                                                      │    │ 574 reported messages                                │  "
"  │ Latest period · 12 total                        125% │    │       62     83     107   75     59     85     103   │  "
"  │                                                      │    │  150  ▃▃▃▃  ▄▄▄▄   ▅▅▅▅   ▄▄▄▄  ▃▃▃▃   ▄▄▄▄   ▅▅▅▅   │  "
"  │   Weekly limits                                      │    │    0 ─────────────────────────────────────────────── │  "
"  │                                                      │    │                                                 ▲    │  "
"  │ Latest period · 1 total                Not available │    │       27     28     29    30     31      1      2    │  "
"  │ Some periods aren't available yet                    │    │                                                      │  "
"  │ Usage as of Sep 2 12:00 UTC                          │    │ Sep 2 · 103 messages                                 │  "
"  │ Available since Sep 1 00:00 UTC                      │    │ ● GPT-5.6-Sol                                     61 │  "
"  │ … z to maximize                                      │    │ ● GPT-5.6-Terra                                   25 │  "
"  │                                                      │    │                                                      │  "
"  ╰──────────────────────────────────────────────────────╯    ╰──────────────────────────────────────────────────────╯  "
"                                                                                                                        "
"  ╭─   5 Plugins called ─────────────────────────────────╮    ╭─   6 Skills used ────────────────────────────────────╮  "
"  │                                                      │    │                                                      │  "
"  │ 7d                                                   │    │ 7d                                                   │  "
"  │ 186 calls                                            │    │ 54 uses                                              │  "
"  │      34     23     29     26     22     23     29    │    │       8      6      9      8      7      5     11    │  "
"  │  40  ▆▆▆▆  ▄▄▄▄   ▅▅▅▅   ▅▅▅▅   ▄▄▄▄   ▄▄▄▄   ▅▅▅▅   │    │  20  ▃▃▃▃  ▂▂▂▂   ▃▃▃▃   ▃▃▃▃   ▂▂▂▂   ▂▂▂▂   ▄▄▄▄   │  "
"  │   0 ──────────────────────────────────────────────── │    │   0 ──────────────────────────────────────────────── │  "
"  │                                                 ▲    │    │                                                 ▲    │  "
"  │      27     28     29     30     31      1      2    │    │      27     28     29     30     31      1      2    │  "
"  │                                                      │    │                                                      │  "
"  │ Sep 2 · 29 calls                                     │    │ Sep 2 · 11 uses                                      │  "
"  │ ● Slack                                           10 │    │ ● Testing                                          4 │  "
"  │ ● Figma                                           10 │    │ ● Code review                                      3 │  "
"  │                                                      │    │                                                      │  "
"  │                                                      │    │                                                      │  "
"  ╰──────────────────────────────────────────────────────╯    ╰──────────────────────────────────────────────────────╯  "
"                                                                                                                        "
"  ╭─   7 Top chats ──────────────────────────────────────╮                                                              "
"  │                                                      │                                                              "
"  │ No history has been reported.                        │                                                              "
"  │                                                      │                                                              "
"  tab/1–7 section · enter/z maximize                                                                                    "
"  g group · R refresh · pgup/pgdn scroll · esc back · q close                                                           "
