---
source: tui/src/analytics/chat_panel_tests.rs
expression: "screens.join(\"\\n\")"
---
"  Analytics  ·  Live account                                                                                  "
"                                                                                                              "
"                                                                                                              "
"  1 Summary  2 Credits usage history  3 Token usage history  4 Plugins called  5 Skills used  [6 Top chats]   "
"                                                                                                              "
"  ▎ Top chats                                                                                                 "
"  ──────────────────────────────────────────────────────────────────────────────────────────────────────────  "
"  Active in past 30 days · sorted by lifetime credits                                                         "
"  1 chat estimate unavailable                                                                                 "
"                                                                                                              "
"    Chat                                                                          Lifetime credits            "
"  › Chat usage unavailable                                                                       —            "
"                                                                                                              "
"  Showing 1–1 of 1 chats                                                                                      "
"  Local chats · excludes archived chats and subagent usage                                                    "
"                                                                                                              "
"                                                                                                              "
"                                                                                                              "
"                                                                                                              "
"                                                                                                              "
"                                                                                                              "
"                                                                                                              "
"                                                                                                              "
"                                                                                                              "
"                                                                                                              "
"                                                                                                              "
"  tab/1–6 section · z dashboard · ↑/↓ row · enter details                                                     "
"  R refresh · esc back · q close                                                                              "

"  Analytics  ·  Live account                                                                                  "
"                                                                                                              "
"                                                                                                              "
"  │                                                 │    │ Sep 2 · 29 calls                                │  "
"  │ Sep 2 · 731,000 tokens                          │    │ ● Slack                                      10 │  "
"  │ ● Cached input                          602,000 │    │ ● Figma                                      10 │  "
"  │ … z to maximize                                 │    │                                                 │  "
"  │                                                 │    │                                                 │  "
"  ╰─────────────────────────────────────────────────╯    ╰─────────────────────────────────────────────────╯  "
"                                                                                                              "
"  ╭─   5 Skills used ───────────────────────────────╮    ╭─ ▸ 6 Top chats ─────────────────────────────────╮  "
"  │                                                 │    │                                                 │  "
"  │ 7d                                              │    │ 30d active · lifetime credits                   │  "
"  │ 54 uses                                         │    │                                                 │  "
"  │       8     6     9     8     7     5     11    │    │ Chat usage unavailable                        — │  "
"  │  20  ▃▃▃▃  ▂▂▂▂  ▃▃▃▃  ▃▃▃▃  ▂▂▂▂  ▂▂▂▂  ▄▄▄▄   │    │                                                 │  "
"  │   0 ─────────────────────────────────────────── │    │ Local chats · excludes subagents                │  "
"  │                                            ▲    │    │ Some estimates unavailable                      │  "
"  │      27    28    29    30    31     1      2    │    │                                                 │  "
"  │                                                 │    │                                                 │  "
"  │ Sep 2 · 11 uses                                 │    │                                                 │  "
"  │ ● Testing                                     4 │    │                                                 │  "
"  │ ● Code review                                 3 │    │                                                 │  "
"  │                                                 │    │                                                 │  "
"  │                                                 │    │                                                 │  "
"  ╰─────────────────────────────────────────────────╯    ╰─────────────────────────────────────────────────╯  "
"  tab/1–6 section · enter/z maximize                                                                          "
"  R refresh · pgup/pgdn scroll · esc back · q close                                                           "
