---
source: tui/src/analytics/tool_panel_tests.rs
expression: "format!(\"{wide}\\n{narrow}\")"
---
"  Analytics  ·  Live account                                                                                                                "
"  [7d]  30d  ·  Aug 27–Sep 2, 2026                                                                                                          "
"                                                                                                                                            "
"  1 Summary  2 Total usage history  3 Messages  [4 Plugins called]  5 Skills used  6 Top chats                                              "
"                                                                                                                                            "
"  ▎ Plugins called                                                                                                                          "
"  ────────────────────────────────────────────────────────────────────────────────────────────────────────────────────────────────────────  "
"  186 calls                                                                                                                                 "
"                                                                                                                                            "
"   40                                                                                                                                       "
"                                                                                                                                            "
"             34                                                                                                                             "
"         ▂▂▂▂▂▂▂▂▂▂▂▂                                                                                                                       "
"         ████████████                                                                                                                       "
"         ████████████                              29                                                                          29           "
"         ████████████                         ▁▁▁▁▁▁▁▁▁▁▁▁                                                                ▁▁▁▁▁▁▁▁▁▁▁▁      "
"         ████████████                         ████████████            26                                                  ████████████      "
"         ████████████                         ████████████       ▂▂▂▂▂▂▂▂▂▂▂▂                                             ████████████      "
"         ████████████           23            ████████████       ████████████                               23            ████████████      "
"         ████████████      ▃▃▃▃▃▃▃▃▃▃▃▃       ████████████       ████████████            22            ▃▃▃▃▃▃▃▃▃▃▃▃       ████████████      "
"         ████████████      ████████████       ████████████       ████████████       ▆▆▆▆▆▆▆▆▆▆▆▆       ████████████       ████████████      "
"   20    ████████████      ████████████       ████████████       ████████████       ████████████       ████████████       ████████████      "
"         ████████████      ████████████       ████████████       ████████████       ████████████       ████████████       ████████████      "
"         ████████████      ████████████       ████████████       ████████████       ████████████       ████████████       ████████████      "
"         ████████████      ████████████       ████████████       ████████████       ████████████       ████████████       ████████████      "
"         ████████████      ████████████       ████████████       ████████████       ████████████       ████████████       ████████████      "
"         ████████████      ████████████       ████████████       ████████████       ████████████       ████████████       ████████████      "
"         ████████████      ████████████       ████████████       ████████████       ████████████       ████████████       ████████████      "
"         ████████████      ████████████       ████████████       ████████████       ████████████       ████████████       ████████████      "
"         ████████████      ████████████       ████████████       ████████████       ████████████       ████████████       ████████████      "
"         ████████████      ████████████       ████████████       ████████████       ████████████       ████████████       ████████████      "
"         ████████████      ████████████       ████████████       ████████████       ████████████       ████████████       ████████████      "
"         ████████████      ████████████       ████████████       ████████████       ████████████       ████████████       ████████████      "
"         ████████████      ████████████       ████████████       ████████████       ████████████       ████████████       ████████████      "
"    0 ────────────────────────────────────────────────────────────────────────────────────────────────────────────────────────────────────  "
"                                                                                                                                ▲           "
"           Aug 27             Aug 28             Aug 29             Aug 30             Aug 31              Sep 1              Sep 2         "
"                                                                                                                                            "
"  ────────────────────────────────────────────────────────                                                                                  "
"  Sep 2 · 29 calls                                                                                                                          "
"  Plugin                                             Calls                                                                                  "
"  ● Slack                                               10                                                                                  "
"  ● Figma                                               10                                                                                  "
"  ● GitHub                                               5                                                                                  "
"  ● Notion                                               4                                                                                  "
"                                                                                                                                            "
"  tab/1–6 section · z dashboard · ←/→ day · enter details                                                                                   "
"  r 7/30d · R refresh · esc back · q close                                                                                                  "

"  Analytics  ·  Live account                              "
"  [7d]  30d  ·  Aug 27–Sep 2, 2026                        "
"                                                          "
"  Summary  Total usage history  Messages  Plugins called  "
"  [Skills used]  Top chats                                "
"                                                          "
"  ▎ Skills used                                           "
"  ──────────────────────────────────────────────────────  "
"  54 uses                                                 "
"                                                          "
"   20                                                     "
"                                                  11      "
"         8             9      8      7           ▂▂▂▂▂    "
"   10  ▃▃▃▃     6    ▅▅▅▅   ▃▃▃▃            5    █████    "
"       ████   ▆▆▆▆   ████   ████   ████   ▄▄▄▄   █████    "
"       ████   ████   ████   ████   ████   ████   █████    "
"    0 ──────────────────────────────────────────────────  "
"                                            ▲             "
"      Aug 27 Aug 28 Aug 29 Aug 30 Aug 31  Sep 1  Sep 2    "
"                                                          "
"  ──────────────────────────────────────────────────────  "
"  Sep 1 · 5 uses                                          "
"  Skill                                             Uses  "
"  ● Testing                                            3  "
"  ● Code review                                        1  "
"  ● Planning                                           1  "
"  ● Debugging                                          0  "
"                                                          "
"  tab/1–6 section · z dashboard · ←/→ day · enter         "
"  details                                                 "
"  r 7/30d · R refresh · esc back · q close                "
"                                                          "
