---
source: tui/src/analytics/account_layout_tests.rs
expression: "format!(\"{all}\\n{filtered}\")"
---
"  Analytics  ·  Live account · analytics@example.test                                               "
"  [7d]  30d  ·  Aug 27–Sep 2, 2026                                                                  "
"                                                                                                    "
"  1 Summary  2 Credits usage history  [3 Token usage history]  4 Plugins called  5 Skills used  6   "
"  Top chats                                                                                         "
"                                                                                                    "
"  ▎ Token usage history                                                              By token type  "
"  ────────────────────────────────────────────────────────────────────────────────────────────────  "
"  All models · m change model                                                                       "
"  4.4M tokens                                                                                       "
"                                                                            850K                    "
"     1M                                          773.5K       688.5K                     731K       "
"                       620.5K        544K       ▅▅▅▅▅▅▅▅     ▁▁▁▁▁▁▁▁     ████████     ▃▃▃▃▃▃▃▃     "
"                      ▅▅▅▅▅▅▅▅     ▂▂▂▂▂▂▂▂     ████████     ████████     ████████     ████████     "
"   500K    170K       ████████     ████████     ████████     ████████     ████████     ████████     "
"                      ████████     ████████     ████████     ████████     ████████     ████████     "
"          ████████    ████████     ████████     ████████     ████████     ████████     ████████     "
"      0 ──────────────────────────────────────────────────────────────────────────────────────────  "
"                                                                                           ▲        "
"          Aug 27       Aug 28       Aug 29       Aug 30       Aug 31        Sep 1        Sep 2      "
"                                                                                                    "
"  ────────────────────────────────────────────────────────                                          "
"  Sep 2 · 731,000 tokens                                                                            "
"  Token type                                        Tokens                                          "
"  ● Cached input                                   602,000                                          "
"  ● Uncached input                                  86,000                                          "
"  ● Output                                          43,000                                          "
"                                                                                                    "
"  tab/1–6 section · z dashboard · ←/→ day · enter details                                           "
"  r 7/30d · g group · R refresh · esc back · q close                       Updated Sep 2 16:00 UTC  "

"  Analytics  ·  Live account · analytics@example.test                                               "
"  [7d]  30d  ·  Aug 27–Sep 2, 2026                                                                  "
"                                                                                                    "
"  1 Summary  2 Credits usage history  [3 Token usage history]  4 Plugins called  5 Skills used  6   "
"  Top chats                                                                                         "
"                                                                                                    "
"  ▎ Token usage history                                                              By token type  "
"  ────────────────────────────────────────────────────────────────────────────────────────────────  "
"  GPT-5.5 · m change model                                                                          "
"  4.4M tokens                                                                                       "
"                                                                            850K                    "
"     1M                                          773.5K       688.5K                     731K       "
"                       620.5K        544K       ▅▅▅▅▅▅▅▅     ▁▁▁▁▁▁▁▁     ████████     ▃▃▃▃▃▃▃▃     "
"                      ▅▅▅▅▅▅▅▅     ▂▂▂▂▂▂▂▂     ████████     ████████     ████████     ████████     "
"   500K    170K       ████████     ████████     ████████     ████████     ████████     ████████     "
"                      ████████     ████████     ████████     ████████     ████████     ████████     "
"          ████████    ████████     ████████     ████████     ████████     ████████     ████████     "
"      0 ──────────────────────────────────────────────────────────────────────────────────────────  "
"                                                                                           ▲        "
"          Aug 27       Aug 28       Aug 29       Aug 30       Aug 31        Sep 1        Sep 2      "
"                                                                                                    "
"  ────────────────────────────────────────────────────────                                          "
"  Sep 2 · 731,000 tokens                                                                            "
"  Token type                                        Tokens                                          "
"  ● Cached input                                   602,000                                          "
"  ● Uncached input                                  86,000                                          "
"  ● Output                                          43,000                                          "
"                                                                                                    "
"  tab/1–6 section · z dashboard · ←/→ day · enter details                                           "
"  r 7/30d · g group · R refresh · esc back · q close                       Updated Sep 2 16:00 UTC  "
