---
source: tui/src/analytics/consumer_refresh_tests.rs
assertion_line: 93
expression: content
---
Usage estimates · active in past 30 days · sorted by Balance credits
Credits debited from balance · includes adjustments

  Chat                                                 Balance credits
  Task 5                                                             5
  Task 4                                                             4
  Task 3                                                             3
  Task 2                                                             2
  Task 1                                                             1

Showing top 5 of 6 chats
Local chats · includes discovered descendants · excludes archived
roots
