---
source: tui/src/analytics/connection_tests.rs
expression: terminal.backend().to_string()
---
"  Analytics  ·  Live account · analytics@example.test                                               "
"                                                                                                    "
"                                                                                                    "
"  [1 Summary]  2 Credits usage history  3 Token usage history  4 Plugins called  5 Skills used      "
"                                                                                                    "
"  ▎ Summary                                                                                         "
"  ────────────────────────────────────────────────────────────────────────────────────────────────  "
"                                                                                                    "
"                                                                                                    "
"                                                                                                    "
"                                                                                                    "
"                                                                                                    "
"                                           Local account                                            "
"                                            @local-user                                             "
"                                             Enterprise                                             "
"                                                                                                    "
"         12.3K              12.3K                —                  —                  —            "
"    Lifetime tokens      Peak tokens       Longest chat      Current streak     Longest streak      "
"                                                                                                    "
"  Token activity                                                                             Daily  "
"  Last 12 months                                                                                    "
"                                                                                                    "
"        Nov       Dec     Jan     Feb     Mar       Apr     May       Jun     Jul     Aug           "
"   Su □ □ □ □ □ □ □ □ □ □ □ □ □ □ □ □ □ □ □ □ □ □ □ □ □ □ □ □ □ □ □ □ □ □ □ □ □ □ □ □ □ □ □ □ □ □   "
"   Mo □ □ □ □ □ □ □ □ □ □ □ □ □ □ □ □ □ □ □ □ □ □ □ □ □ □ □ □ □ □ □ □ □ □ □ □ □ □ □ □ □ □ □ □ □ □   "
"   Tu □ □ □ □ □ □ □ □ □ □ □ □ □ □ □ □ □ □ □ □ □ □ □ □ □ □ □ □ □ □ □ □ □ □ □ □ □ □ □ □ □ □ □ □ □ □   "
"   We □ □ □ □ □ □ □ □ □ □ □ □ □ □ □ □ □ □ □ □ □ □ □ □ □ □ □ □ □ □ □ □ □ □ □ □ □ □ □ □ □ □ □ □ □ ■   "
"   Th □ □ □ □ □ □ □ □ □ □ □ □ □ □ □ □ □ □ □ □ □ □ □ □ □ □ □ □ □ □ □ □ □ □ □ □ □ □ □ □ □ □ □ □ □     "
"   Fr □ □ □ □ □ □ □ □ □ □ □ □ □ □ □ □ □ □ □ □ □ □ □ □ □ □ □ □ □ □ □ □ □ □ □ □ □ □ □ □ □ □ □ □ □     "
"   Sa □ □ □ □ □ □ □ □ □ □ □ □ □ □ □ □ □ □ □ □ □ □ □ □ □ □ □ □ □ □ □ □ □ □ □ □ □ □ □ □ □ □ □ □ □     "
"                                                                                                    "
"     Less □ ■ ■ ■ ■ More                                                                            "
"                                                                                                    "
"  Activity insights                                 Most used plugins and skills                    "
"                                                                                                    "
"  Fast Mode                                    —    Plugin and skill usage unavailable.             "
"  Most used reasoning                          —                                                    "
"  Skills explored                              —                                                    "
"  Total skills used                            —                                                    "
"  Total chats                                  —                                                    "
"                                                                                                    "
"                                                                                                    "
"                                                                                                    "
"                                                                                                    "
"                                                                                                    "
"                                                                                                    "
"  tab/1–5 section · z dashboard                                                                     "
"  g view · R refresh · esc back · q close                                                           "
