---
source: tui/src/analytics/chat_panel_tests.rs
expression: output
---
"  Analytics  ·  Live account                                                                                  "
"                                                                                                              "
"                                                                                                              "
"  1 Summary  2 Credits usage history  3 Token usage history  4 Plugins called  5 Skills used  [6 Top chats]   "
"                                                                                                              "
"  ▎ Top chats                                                                                                 "
"  ──────────────────────────────────────────────────────────────────────────────────────────────────────────  "
"  Active in past 30 days · sorted by lifetime credits                                                         "
"  2 chat estimates unavailable                                                                                "
"                                                                                                              "
"    Chat                                                                          Lifetime credits            "
"  › Create a comprehensive list of areas to investigate across the runtime and describe ho… 120.00            "
"    ──────────────────────────────────────────────────────────────────────────────────────────────            "
"      Create a comprehensive list of areas to investigate across the runtime and describe how each            "
"      area affects performance in a long conversation                                                         "
"    Model                                               Effort        Speed                Credits            "
"    GPT-5.6-Sol                                         high          standard              120.00            "
"                                                                                                              "
"    Chat usage unavailable                                                                       —            "
"    Chat usage unavailable                                                                       —            "
"    Launch readiness review                                                                  85.00            "
"    Plan the week                                                                             0.00            "
"                                                                                                              "
"  Showing 1–5 of 5 chats                                                                                      "
"  Local chats · excludes archived chats and subagent usage                                                    "
"                                                                                                              "
"                                                                                                              "
"                                                                                                              "
"  tab/1–6 section · z dashboard · ↑/↓ row · enter details                                                     "
"  R refresh · esc back · q close                                                                              "
