---
source: tui/src/analytics/compact_tests.rs
expression: "screenshots.join(\"\\n\")"
---
"  Analytics  ·  Live account                                                                        "
"  [7d]  30d  ·  Aug 27–Sep 2, 2026                                                                  "
"                                                                                                    "
"  1 Summary  2 Credits usage history  [3 Token usage history]  4 Plugins called  5 Skills used  6   "
"  Top chats                                                                                         "
"                                                                                                    "
"  ▎ Token usage history                                                              By token type  "
"  ────────────────────────────────────────────────────────────────────────────────────────────────  "
"  All models · m change model                                                                       "
"  12.3B tokens                                                                                      "
"                                                                                                    "
"    15B                                                                                  12.3B      "
"                                                                                       ▄▄▄▄▄▄▄▄     "
"                                                                                       ████████     "
"                                                                                       ████████     "
"   7.5B                                                                                ████████     "
"                                                                                       ████████     "
"                                                                                       ████████     "
"             —            —            —            —            —            —        ████████     "
"      0 ──────────────────────────────────────────────────────────────────────────────────────────  "
"                                                                                           ▲        "
"          Aug 27       Aug 28       Aug 29       Aug 30       Aug 31        Sep 1        Sep 2      "
"                                                                                                    "
"  ────────────────────────────────────────────────────────                                          "
"  Sep 2 · 12,280,365,226 tokens                                                                     "
"  Token type                                        Tokens                                          "
"  ● Example                                 12,280,365,226                                          "
"                                                                                                    "
"  tab/1–6 section · z dashboard · ←/→ day · enter details                                           "
"  r 7/30d · g group · R refresh · esc back · q close                                                "

"  Analytics  ·  Live account                                                                        "
"  [7d]  30d  ·  Aug 27–Sep 2, 2026                                                                  "
"                                                                                                    "
"  1 Summary  2 Credits usage history  3 Token usage history  [4 Plugins called]  5 Skills used  6   "
"  Top chats                                                                                         "
"                                                                                                    "
"  ▎ Plugins called                                                                                  "
"  ────────────────────────────────────────────────────────────────────────────────────────────────  "
"  9.7K calls                                                                                        "
"                                                                                         9.7K       "
"   10K                                                                                 ▆▆▆▆▆▆▆▆     "
"                                                                                       ████████     "
"                                                                                       ████████     "
"                                                                                       ████████     "
"    5K                                                                                 ████████     "
"                                                                                       ████████     "
"                                                                                       ████████     "
"                                                                                       ████████     "
"             —            —            —            —            —            —        ████████     "
"     0 ───────────────────────────────────────────────────────────────────────────────────────────  "
"                                                                                           ▲        "
"          Aug 27       Aug 28       Aug 29       Aug 30       Aug 31        Sep 1        Sep 2      "
"                                                                                                    "
"  ────────────────────────────────────────────────────────                                          "
"  Sep 2 · 9,749 calls                                                                               "
"  Plugin                                             Calls                                          "
"  ● Example                                          9,749                                          "
"                                                                                                    "
"  tab/1–6 section · z dashboard · ←/→ day · enter details                                           "
"  r 7/30d · R refresh · esc back · q close                                                          "

"  Analytics  ·  Live account                                                                        "
"  [7d]  30d  ·  Aug 27–Sep 2, 2026                                                                  "
"                                                                                                    "
"  1 Summary  2 Credits usage history  3 Token usage history  4 Plugins called  [5 Skills used]  6   "
"  Top chats                                                                                         "
"                                                                                                    "
"  ▎ Skills used                                                                                     "
"  ────────────────────────────────────────────────────────────────────────────────────────────────  "
"  2.9K uses                                                                                         "
"                                                                                         2.9K       "
"     3K                                                                                ▅▅▅▅▅▅▅▅     "
"                                                                                       ████████     "
"                                                                                       ████████     "
"                                                                                       ████████     "
"   1.5K                                                                                ████████     "
"                                                                                       ████████     "
"                                                                                       ████████     "
"                                                                                       ████████     "
"             —            —            —            —            —            —        ████████     "
"      0 ──────────────────────────────────────────────────────────────────────────────────────────  "
"                                                                                           ▲        "
"          Aug 27       Aug 28       Aug 29       Aug 30       Aug 31        Sep 1        Sep 2      "
"                                                                                                    "
"  ────────────────────────────────────────────────────────                                          "
"  Sep 2 · 2,901 uses                                                                                "
"  Skill                                               Uses                                          "
"  ● Example                                          2,901                                          "
"                                                                                                    "
"  tab/1–6 section · z dashboard · ←/→ day · enter details                                           "
"  r 7/30d · R refresh · esc back · q close                                                          "
