---
source: tui/src/analytics/consumer_refresh_tests.rs
expression: "screen(&mut view, 58, 30)"
---
"  Analytics  ·  Live account                              "
"                                                          "
"                                                          "
"  Summary  Total usage history  Messages  Plugins called  "
"  Skills used  [Top chats]                                "
"                                                          "
"  ▎ Top chats                                             "
"  ──────────────────────────────────────────────────────  "
"  Usage estimates · active in past 30 days · sorted by    "
"  5-hour %                                                "
"  Recorded usage / current full limit · may exceed 100%   "
"  Partial ranking · 1 partial · 2 unavailable             "
"                                                          "
"    Chat                                        5-hour %  "
"  › Refunded task · partial                         0.0%  "
"    Chat usage unavailable                             —  "
"    Chat usage unavailable                             —  "
"                                                          "
"  Showing 1–3 of 3 chats                                  "
"  Local chats · includes discovered descendants ·         "
"  excludes archived roots                                 "
"                                                          "
"                                                          "
"                                                          "
"                                                          "
"                                                          "
"                                                          "
"  tab/1–6 section · s sort · z dashboard · ↑/↓ row ·      "
"  enter details                                           "
"  R refresh · esc back · q close                          "
