---
source: tui/src/analytics/account_layout_tests.rs
expression: "screen(&mut view, 110, 24)"
---
"  Analytics  ·  Live account                                                                                  "
"  [7d]  30d  ·  Aug 27–Sep 2, 2026                                                                            "
"                                                                                                              "
"  1 Summary  [2 Credits usage history]  3 Token usage history  4 Plugins called  5 Skills used                "
"                                                                                                              "
"  ▎ Credits usage history                                                                         By product  "
"  ──────────────────────────────────────────────────────────────────────────────────────────────────────────  "
"  431.00 credits                                                                                              "
"                                                      85.00                       109.00                      "
"   150                   41.00          57.00       ▁▁▁▁▁▁▁▁▁        75.00       ▃▃▃▃▃▃▃▃▃        64.00       "
"             0         ▄▄▄▄▄▄▄▄▄     ▆▆▆▆▆▆▆▆▆▆     █████████     ██████████     █████████     ▆▆▆▆▆▆▆▆▆▆     "
"     0 ─────────────────────────────────────────────────────────────────────────────────────────────────────  "
"                                                                                                    ▲         "
"          Aug 27        Aug 28         Aug 29        Aug 30         Aug 31         Sep 1          Sep 2       "
"                                                                                                              "
"  ────────────────────────────────────────────────────────                                                    "
"  Sep 2 · 64.00 credits                                                                                       "
"  Product                                          Credits                                                    "
"  ● CLI                                              23.00                                                    "
"  ● Desktop app                                      22.00                                                    "
"  ● IDE extension                                    10.00                                                    "
"  ● Web                                               9.00                                                    "
"  tab/1–5 section · z dashboard · ←/→ day · enter details                                                     "
"  r 7/30d · R refresh · esc back · q close                                                                    "
