---
source: tui/src/analytics/tool_panel_tests.rs
expression: "format!(\"{empty}\\n{missing}\\n{partial}\")"
---
"  Analytics  ·  Live account                                                                                                                "
"  [7d]  30d  ·  Aug 27–Sep 2, 2026                                                                                                          "
"                                                                                                                                            "
"  1 Summary  2 Total usage history  3 Messages  4 Plugins called  [5 Skills used]  6 Top chats                                              "
"                                                                                                                                            "
"  ▎ Skills used                                                                                                                             "
"  ────────────────────────────────────────────────────────────────────────────────────────────────────────────────────────────────────────  "
"  38 uses                                                                                                                                   "
"                                                                                                                                            "
"   10                                                                                                                                       "
"                                                    9                                                                                       "
"                                              ▇▇▇▇▇▇▇▇▇▇▇▇                                                                                  "
"              8                               ████████████             8                                                                    "
"         ▆▆▆▆▆▆▆▆▆▆▆▆                         ████████████       ▆▆▆▆▆▆▆▆▆▆▆▆                                                               "
"         ████████████                         ████████████       ████████████             7                                                 "
"         ████████████                         ████████████       ████████████       ▅▅▅▅▅▅▅▅▅▅▅▅                                            "
"         ████████████            6            ████████████       ████████████       ████████████                                            "
"         ████████████      ▄▄▄▄▄▄▄▄▄▄▄▄       ████████████       ████████████       ████████████                                            "
"         ████████████      ████████████       ████████████       ████████████       ████████████                                            "
"    5    ████████████      ████████████       ████████████       ████████████       ████████████                                            "
"         ████████████      ████████████       ████████████       ████████████       ████████████                                            "
"         ████████████      ████████████       ████████████       ████████████       ████████████                                            "
"         ████████████      ████████████       ████████████       ████████████       ████████████                                            "
"         ████████████      ████████████       ████████████       ████████████       ████████████                                            "
"         ████████████      ████████████       ████████████       ████████████       ████████████                                            "
"         ████████████      ████████████       ████████████       ████████████       ████████████                                            "
"         ████████████      ████████████       ████████████       ████████████       ████████████                                            "
"         ████████████      ████████████       ████████████       ████████████       ████████████                                            "
"         ████████████      ████████████       ████████████       ████████████       ████████████                                            "
"         ████████████      ████████████       ████████████       ████████████       ████████████             —                  0           "
"    0 ────────────────────────────────────────────────────────────────────────────────────────────────────────────────────────────────────  "
"                                                                                                                                ▲           "
"           Aug 27             Aug 28             Aug 29             Aug 30             Aug 31              Sep 1              Sep 2         "
"                                                                                                                                            "
"  ────────────────────────────────────────────────────────                                                                                  "
"  No uses reported for Sep 2.                                                                                                               "
"                                                                                                                                            "
"                                                                                                                                            "
"                                                                                                                                            "
"                                                                                                                                            "
"                                                                                                                                            "
"                                                                                                                                            "
"  tab/1–6 section · z dashboard · ←/→ day                                                                                                   "
"  r 7/30d · R refresh · esc back · q close                                                                                                  "

"  Analytics  ·  Live account                                                                                                                "
"  [7d]  30d  ·  Aug 27–Sep 2, 2026                                                                                                          "
"                                                                                                                                            "
"  1 Summary  2 Total usage history  3 Messages  4 Plugins called  [5 Skills used]  6 Top chats                                              "
"                                                                                                                                            "
"  ▎ Skills used                                                                                                                             "
"  ────────────────────────────────────────────────────────────────────────────────────────────────────────────────────────────────────────  "
"  38 uses                                                                                                                                   "
"                                                                                                                                            "
"   10                                                                                                                                       "
"                                                    9                                                                                       "
"                                              ▇▇▇▇▇▇▇▇▇▇▇▇                                                                                  "
"              8                               ████████████             8                                                                    "
"         ▆▆▆▆▆▆▆▆▆▆▆▆                         ████████████       ▆▆▆▆▆▆▆▆▆▆▆▆                                                               "
"         ████████████                         ████████████       ████████████             7                                                 "
"         ████████████                         ████████████       ████████████       ▅▅▅▅▅▅▅▅▅▅▅▅                                            "
"         ████████████            6            ████████████       ████████████       ████████████                                            "
"         ████████████      ▄▄▄▄▄▄▄▄▄▄▄▄       ████████████       ████████████       ████████████                                            "
"         ████████████      ████████████       ████████████       ████████████       ████████████                                            "
"    5    ████████████      ████████████       ████████████       ████████████       ████████████                                            "
"         ████████████      ████████████       ████████████       ████████████       ████████████                                            "
"         ████████████      ████████████       ████████████       ████████████       ████████████                                            "
"         ████████████      ████████████       ████████████       ████████████       ████████████                                            "
"         ████████████      ████████████       ████████████       ████████████       ████████████                                            "
"         ████████████      ████████████       ████████████       ████████████       ████████████                                            "
"         ████████████      ████████████       ████████████       ████████████       ████████████                                            "
"         ████████████      ████████████       ████████████       ████████████       ████████████                                            "
"         ████████████      ████████████       ████████████       ████████████       ████████████                                            "
"         ████████████      ████████████       ████████████       ████████████       ████████████                                            "
"         ████████████      ████████████       ████████████       ████████████       ████████████             —                  0           "
"    0 ────────────────────────────────────────────────────────────────────────────────────────────────────────────────────────────────────  "
"                                                                                                             ▲                              "
"           Aug 27             Aug 28             Aug 29             Aug 30             Aug 31              Sep 1              Sep 2         "
"                                                                                                                                            "
"  ────────────────────────────────────────────────────────                                                                                  "
"  Data not reported for Sep 1.                                                                                                              "
"                                                                                                                                            "
"                                                                                                                                            "
"                                                                                                                                            "
"                                                                                                                                            "
"                                                                                                                                            "
"                                                                                                                                            "
"  tab/1–6 section · z dashboard · ←/→ day                                                                                                   "
"  r 7/30d · R refresh · esc back · q close                                                                                                  "

"  Analytics  ·  Live account                                                                                                                "
"  [7d]  30d  ·  Aug 27–Sep 2, 2026                                                                                                          "
"                                                                                                                                            "
"  1 Summary  2 Total usage history  3 Messages  4 Plugins called  [5 Skills used]  6 Top chats                                              "
"                                                                                                                                            "
"  ▎ Skills used                                                                                                                             "
"  ────────────────────────────────────────────────────────────────────────────────────────────────────────────────────────────────────────  "
"  Skills could not be loaded. Press R to retry.                                                                                             "
"                                                                                                                                            "
"                                                                                                                                            "
"                                                                                                                                            "
"                                                                                                                                            "
"                                                                                                                                            "
"                                                                                                                                            "
"                                                                                                                                            "
"                                                                                                                                            "
"                                                                                                                                            "
"                                                                                                                                            "
"                                                                                                                                            "
"                                                                                                                                            "
"                                                                                                                                            "
"                                                                                                                                            "
"                                                                                                                                            "
"                                                                                                                                            "
"                                                                                                                                            "
"                                                                                                                                            "
"                                                                                                                                            "
"                                                                                                                                            "
"                                                                                                                                            "
"                                                                                                                                            "
"                                                                                                                                            "
"                                                                                                                                            "
"                                                                                                                                            "
"                                                                                                                                            "
"                                                                                                                                            "
"                                                                                                                                            "
"                                                                                                                                            "
"                                                                                                                                            "
"                                                                                                                                            "
"                                                                                                                                            "
"                                                                                                                                            "
"                                                                                                                                            "
"  tab/1–6 section · z dashboard · ←/→ day                                                                                                   "
"  r 7/30d · R refresh · esc back · q close                                                                                                  "
