---
source: tui/src/analytics/plan_tests.rs
expression: "output.join(\"\\n\")"
---
"  Analytics  ·  Live account                                                                                            "
"                                                                                                                        "
"                                                                                                                        "
"  1 Summary  2 Total usage history  [3 Plan usage history]  4 Messages  5 Plugins called  6 Skills used  7 Top chats    "
"                                                                                                                        "
"  ▎ Plan usage history                                                                                      By feature  "
"  ────────────────────────────────────────────────────────────────────────────────────────────────────────────────────  "
"    5-hour limits                                             › Weekly limits                                           "
"                                                                                                                        "
"  › Sep 2 10:00 – Sep 2 15:00 *                       125%    › Sep 1 00:00 – Sep 8 00:00 *              Not available  "
"    Some usage is unavailable; this period may be               Breakdown isn't available for this period               "
"  incomplete                                                                                                            "
"    Tasks                                             125%                                                              "
"  Some periods aren't available yet                                                                                     "
"  Usage as of Sep 2 12:00 UTC · * current at last update                                                                "
"  Available since Sep 1 00:00 UTC                                                                                       "
"  Amounts and period boundaries are approximate; recent activity may be delayed                                         "
"                                                                                                                        "
"                                                                                                                        "
"                                                                                                                        "
"                                                                                                                        "
"                                                                                                                        "
"                                                                                                                        "
"                                                                                                                        "
"                                                                                                                        "
"                                                                                                                        "
"                                                                                                                        "
"                                                                                                                        "
"  tab/1–7 section · z dashboard · ←/→ window · ↑/↓ period · enter details                                               "
"  g group · R refresh · esc back · q close                                                                              "

"  Analytics  ·  Live account                              "
"                                                          "
"                                                          "
"  Summary  Total usage history  [Plan usage history]      "
"  Messages  Plugins called  Skills used  Top chats        "
"                                                          "
"  ▎ Plan usage history                        By feature  "
"  ──────────────────────────────────────────────────────  "
"    5-hour limits                                         "
"                                                          "
"  › Sep 2 10:00 – Sep 2 15:00 *                     125%  "
"    Some usage is unavailable; this period may be         "
"  incomplete                                              "
"    Tasks                                           125%  "
"                                                          "
"  › Weekly limits                                         "
"                                                          "
"  › Sep 1 00:00 – Sep 8 00:00 *            Not available  "
"    Breakdown isn't available for this period             "
"  Some periods aren't available yet                       "
"  Usage as of Sep 2 12:00 UTC · * current at last update  "
"  Available since Sep 1 00:00 UTC                         "
"  Amounts and period boundaries are approximate; recent   "
"  activity may be delayed                                 "
"                                                          "
"                                                          "
"  tab/1–7 section · z dashboard · ←/→ window · ↑/↓        "
"  period · enter details                                  "
"  g group · R refresh · esc back · q close                "
"                                                          "
