---
source: tui/src/analytics/consumer_refresh_tests.rs
expression: "screen(&mut view, 90, 30)"
---
"  Analytics  ·  Live account                                                              "
"                                                                                          "
"                                                                                          "
"  1 Summary  2 Total usage history  3 Messages  4 Plugins called  5 Skills used  [6 Top   "
"  chats]                                                                                  "
"                                                                                          "
"  ▎ Top chats                                                                             "
"  ──────────────────────────────────────────────────────────────────────────────────────  "
"  Usage estimates · active in past 30 days · sorted by Balance credits                    "
"  Credits debited from balance · includes adjustments                                     "
"  Partial ranking · 1 partial · 2 unavailable                                             "
"                                                                                          "
"    Chat                                                                 Balance credits  "
"  › Refunded task · partial                                                    -0.000004  "
"  ──────────────────────────────────────────────────────────────────────────────────────  "
"    Refunded task                                                                         "
"    Balance credits                                                            -0.000004  "
"                                                                                          "
"    Model / effort / speed                                               Balance credits  "
"    gpt-5.5                                                                    -0.000004  "
"      high · fast · codex                                                                 "
"                                                                                          "
"    Chat usage unavailable                                                             —  "
"    Chat usage unavailable                                                             —  "
"                                                                                          "
"  Showing 1–3 of 3 chats                                                                  "
"  Local chats · includes discovered descendants · excludes archived roots                 "
"                                                                                          "
"  tab/1–6 section · s sort · z dashboard · ↑/↓ row · enter details                        "
"  R refresh · esc back · q close                                                          "
