---
source: tui/src/analytics/consumer_refresh_tests.rs
expression: "screen(&mut view, 110, 30)"
---
"  Analytics  ·  Live account                                                                                  "
"                                                                                                              "
"                                                                                                              "
"  1 Summary  2 Total usage history  3 Messages  4 Plugins called  5 Skills used  [6 Top chats]                "
"                                                                                                              "
"  ▎ Top chats                                                                                                 "
"  ──────────────────────────────────────────────────────────────────────────────────────────────────────────  "
"  Usage estimates · active in past 30 days · sorted by Weekly %                                               "
"  Recorded usage / current full limit · may exceed 100%                                                       "
"  Partial ranking · 1 partial · 2 unavailable                                                                 "
"                                                                                                              "
"    Chat                                                                 Weekly %  5-hour %  Balance credits  "
"  › Refunded task · partial                                                125.0%      0.0%        -0.000004  "
"  ──────────────────────────────────────────────────────────────────────────────────────────────────────────  "
"    Refunded task                                                                                             "
"    Weekly %                                                                                          125.0%  "
"    5-hour %                                                                                            0.0%  "
"    Balance credits                                                                                -0.000004  "
"                                                                                                              "
"    Model / effort / speed                                                                          Weekly %  "
"    gpt-5.5                                                                                                —  "
"      high · fast · codex                                                                                     "
"                                                                                                              "
"    Chat usage unavailable                                                      —         —                —  "
"                                                                                                              "
"  Showing 1–2 of 3 chats                                                                                      "
"  Local chats · includes discovered descendants · excludes archived roots                                     "
"                                                                                                              "
"  tab/1–6 section · s sort · z dashboard · ↑/↓ row · enter details                                            "
"  R refresh · esc back · q close                                                                              "
