---
source: tui/src/analytics/connection_tests.rs
expression: terminal.backend().to_string()
---
"  Analytics  ·  Live account · analytics@example.test                                               "
"                                                                                                    "
"                                                                                                    "
"  [1 Summary]  2 Credits usage history  3 Token usage history  4 Plugins called  5 Skills used      "
"                                                                                                    "
"  ▎ Summary                                                                                         "
"  ────────────────────────────────────────────────────────────────────────────────────────────────  "
"  Report request failed. Press R to retry.                                                          "
"                                                                                                    "
"                                                                                                    "
"                                                                                                    "
"                                                                                                    "
"                                                                                                    "
"                                                                                                    "
"                                                                                                    "
"                                                                                                    "
"                                                                                                    "
"                                                                                                    "
"                                                                                                    "
"                                                                                                    "
"                                                                                                    "
"                                                                                                    "
"                                                                                                    "
"                                                                                                    "
"                                                                                                    "
"                                                                                                    "
"                                                                                                    "
"                                                                                                    "
"                                                                                                    "
"                                                                                                    "
"                                                                                                    "
"                                                                                                    "
"                                                                                                    "
"                                                                                                    "
"                                                                                                    "
"                                                                                                    "
"                                                                                                    "
"                                                                                                    "
"                                                                                                    "
"                                                                                                    "
"                                                                                                    "
"                                                                                                    "
"                                                                                                    "
"                                                                                                    "
"                                                                                                    "
"                                                                                                    "
"  tab/1–5 section · z dashboard                                                                     "
"  g view · R refresh · esc back · q close                                                           "
