---
source: tui/src/analytics/account_layout_tests.rs
expression: error
---
"  Analytics  ·  Live account                                                    "
"                                                                                "
"                                                                                "
"                                                                                "
"                                                                                "
"  Sign in again to view Analytics.                                              "
"                                                                                "
"                                                                                "
"                                                                                "
"                                                                                "
"                                                                                "
"                                                                                "
"                                                                                "
"                                                                                "
"                                                                                "
"                                                                                "
"                                                                                "
"                                                                                "
"                                                                                "
"                                                                                "
"                                                                                "
"                                                                                "
"                                                                                "
"  R refresh · esc back · q close                                                "
