---
source: tui/src/analytics/summary_tests.rs
expression: rendered
---
"  Analytics  ·  Live account                                                                        "
"                                                                                                    "
"                                                                                                    "
"  [1 Summary]  2 Credits usage history  3 Token usage history  4 Plugins called  5 Skills used      "
"                                                                                                    "
"  ▎ Summary                                                                                         "
"  ────────────────────────────────────────────────────────────────────────────────────────────────  "
"                                                                                                    "
"                                                                                                    "
"                                                                                                    "
"                                                                                                    "
"                                                                                                    "
"                                                                                                    "
"                                              Business                                              "
"                                                                                                    "
"           0                  —                  —                  —                  —            "
"    Lifetime tokens      Peak tokens       Longest chat      Current streak     Longest streak      "
"                                                                                                    "
"  Token activity                                                                             Daily  "
"  Last 12 months                                                                                    "
"                                                                                                    "
"  Token activity history unavailable                                                                "
"                                                                                                    "
"  Activity insights                                 Most used plugins and skills                    "
"                                                                                                    "
"  Fast Mode                                   0%    No reported plugins or skills.                  "
"  Most used reasoning                          —                                                    "
"  Skills explored                              —                                                    "
"  Total skills used                            —                                                    "
"  Total chats                                  0                                                    "
"                                                                                                    "
"  Some profile statistics are unavailable.                                                          "
"                                                                                                    "
"                                                                                                    "
"                                                                                                    "
"                                                                                                    "
"                                                                                                    "
"                                                                                                    "
"  tab/1–5 section · z dashboard                                                                     "
"  g view · R refresh · esc back · q close                                                           "
