---
source: tui/src/analytics/account_layout_tests.rs
expression: terminal.backend().to_string()
---
"  Analytics  ·  Live account · analytics@example.test                                               "
"                                                                                                    "
"                                                                                                    "
"  [1 Summary]                                                                                       "
"                                                                                                    "
"  ▎ Summary                                                                                         "
"  ────────────────────────────────────────────────────────────────────────────────────────────────  "
"                                                                                                    "
"                                                                                                    "
"                                                                                                    "
"                                                                                                    "
"                                                                                                    "
"                                                                                                    "
"                                                                                                    "
"                                              Account                                               "
"                                                                                                    "
"         12.3K                —                  —                  —                  —            "
"    Lifetime tokens      Peak tokens       Longest chat      Current streak     Longest streak      "
"                                                                                                    "
"  Token activity                                                                             Daily  "
"  Last 12 months                                                                                    "
"                                                                                                    "
"  Token activity history unavailable                                                                "
"                                                                                                    "
"  Activity insights                                 Most used plugins and skills                    "
"                                                                                                    "
"  Fast Mode                                    —    Plugin and skill usage unavailable.             "
"  Most used reasoning                          —                                                    "
"  Skills explored                              —                                                    "
"  Total skills used                            —                                                    "
"  Total chats                                  —                                                    "
"                                                                                                    "
"                                                                                                    "
"                                                                                                    "
"                                                                                                    "
"                                                                                                    "
"                                                                                                    "
"                                                                                                    "
"  tab/1–1 section · z dashboard                                                                     "
"  g view · R refresh · esc back · q close                                                           "
