---
source: tui/src/chatwidget/tests/history_replay.rs
expression: rendered
---

› The workspace also looks super confusing with its separator.


■ Selected model is at capacity. Please try a different model.


› The workspace also looks super confusing with its separator.


■ Selected model is at capacity. Please try a different model.
