---
source: tui/src/chatwidget/tests/questions_tests.rs
expression: "render_bottom_popup(&chat, 80)"
---
• Queued follow-up inputs

  What next?

  › 1.
       xxxxxxxxxxxxxxxxxxxxxxxxxxxxxxxxxxxxxxxxxxxxxxxxxxxxxxxxxxxxxxxxxxxxxxx
       xxxxxxxxxxxxxxxxxxxxxxxxxxxxxxxxxxxxxxxxxxxxxxxxxxxxxxxxxxxxxxxxxxxxxxx
       xxxxxxxxxxxxxxxxxxxxxxxxxxxxxxxxxxxxxxxxxxxxxxxxxxxxxxxxxxxxxxxxxxxxxxx
       xxxxxxxxxxxxxxxxxxxxxxxxxxxxxxxxxxxxxxxxxxxxxxxxxxxxxxxxxxxxxxxxxxxxxxx
       xxxxxxxxxxxxxxxx but do not deploy
    2. Other

  enter submit   ctrl+] skip   ⌥+↓ main prompt
