---
source: tui/src/app/composer_hints_tests.rs
assertion_line: 37
expression: "crate::chatwidget::tests::helpers::normalize_snapshot_paths(snapshots.join(\"\\n\\n\"))"
---
80 columns
› question

                                            Tip: f12 searches this conversation

› Ask Codex to do anything

  GPT-5.6-Sol default · /tmp/project
  ? for shortcuts

32 columns
› question



› Ask Codex to do anything

  GPT-5.6-Sol default · /tmp/pr…
  ? for shortcuts
