---
source: tui/src/app/agents_overview_usage_tests.rs
expression: "render_bottom_popup(&app.chat_widget,\n96).replace(&format!(\"{project}  2\"),\n&group).replace(&project, \"/tmp/project\").replace(\"del\", \"del\")"
---
  Agent command center
  1 need input   0 working   1 ready
  ────────────────────────────────────────────────────────────────────────────────────────────
  /tmp/project  2                                     │ Task details
  › ● Review parser  Needs input                      │
    ○ Other task  Ready                               │ Review parser
                                                      │ ● Needs input
                                                      │
                                                      │ Needs attention
                                                      │ Which dependency version should I use?
                                                      │ Open task to review.
                                                      │
                                                      │ Project
                                                      │ /tmp/project
                                                      │ Model: Unknown
                                                      │ Tokens: 13K in · 4K out
                                                      │ Est. usage: 5 credits · ~$0.20
                                                      │
                                                      │ Prompt
                                                      │ Review parser
                                                      │
                                                      │
  ↑↓ navigate o resume enter open n new w new worktree f search g group: project r rename
  x stop h hide a archive del delete ctrl+c quit
