---
source: tui/src/app/agents_overview_tests.rs
expression: "snapshot.join(\"\\n\")"
---
  › ○ Named task  Ready                                   │ | title style: Style::new().fg(Color::Rgb(242, 205, 205)).bg(Color::Reset).underline_color(Color::Reset)
                                                          │ Named task | title style: Style::new().fg(Color::Rgb(242, 205, 205)).bg(Color::Reset).underline_color(Color::Reset).bold()
  › ○ Named task  Ready                                   │ | title style: Style::new().fg(Color::Reset).bg(Color::Reset).underline_color(Color::Reset)
                                                          │ Named task | title style: Style::new().fg(Color::Reset).bg(Color::Reset).underline_color(Color::Reset).bold()
