---
source: tui/src/app/daemon_menu_tests.rs
expression: "render_bottom_popup(&app.chat_widget,\nwidth).replace(r\"C:\\cli-build\\bin\\codex\", \"/x/cli-build/bin/codex\")"
---
  Update daemon and exit Codex?
  Use this CLI package v0.0.0 from /x/cli-build/bin/codex. Copy the complete package and pin it
  against automatic updates.
  This may restart the daemon and interrupt active or queued work.
  Codex exits to update in this terminal. Relaunch it afterward.


› 1. Cancel
  2. Update and exit

  enter select · esc back
