---
source: tui/src/app/experimental_features_tests.rs
expression: "app.transcript_cells.last().unwrap().display_lines(120).iter().map(ToString::to_string).collect::<Vec<_>>().join(\"\\n\")"
---
⚠ Memories setting saved on the server for new threads. This thread is unchanged. Project or task settings may override
  it.
