---
source: tui/src/app/tests/navigation_reconnect_tests.rs
expression: "render_bottom_popup(&app.chat_widget, 100)"
---
  Service v2.0.0 ≠ Codex CLI v0.0.0 · /daemon
  0 need input   1 working   1 ready
  ────────────────────────────────────────────────────────────────────────────────────────────────
  /tmp/project  2                                         │ Task details
  › ● New task  Working                                   │
    ○ Selected task  Ready                                │ New task
                                                          │ ● Working
                                                          │
                                                          │ Project
                                                          │ /tmp/project
                                                          │ Model: Unknown
                                                          │
                                                          │ Prompt
                                                          │ New task
                                                          │
                                                          │
                                                          │
                                                          │
                                                          │
                                                          │
                                                          │
                                                          │
  ↑↓ navigate o resume enter open n new w new worktree f search g group: project r rename x stop
  h hide a archive del delete ctrl+c quit
