---
source: tui/src/app/tests/user_verification_routes_tests.rs
expression: "render_bottom_popup(&app.chat_widget, 80)"
---
  Approve deployment?

  Thread: Verifier [worker]

  Server: deployments

  Verify the production deployment.


› 1. Verify and approve (y)
  2. Cancel this request (c)

  Press enter to confirm or esc to cancel
