---
source: tui/src/app/tests/background_task_defaults_tests.rs
expression: "format!(\"created from the dashboard:\\n{}\\nreturned to the existing task:\\n{}\",\nbefore_footer(&created), before_footer(&returned))"
---
created from the dashboard:
                            ⠈     ⢀     ⠁                 ⠂
›⠁Ask Codex to do anything         ⠈      ⠁
       ⢀            ⠠     ⠄         ⠠          ⢀    ⠠     ⡀
returned to the existing task:
› Ask Codex to do anything
