---
source: tui/src/bottom_pane/chat_composer/sparkle_tests.rs
assertion_line: 452
expression: "snapshots.join(\"\\n\\n\")"
---
expires during help: false
initial:
                            ⠈     ⢀     ⠁                 ⠂
›⠁Ask Codex to do anything         ⠈      ⠁
       ⢀            ⠠     ⠄         ⠠          ⢀    ⠠     ⡀
  ? for shortcuts                                            100% context left
shortcut help:
  Keyboard shortcuts

  Compose                       Session
  /        Commands             tab     Send message
  @        Mention files        ⌥+,     Less reasoning
  !        Shell command        ⌥+.     More reasoning
  ctrl+j   New line             ctrl+c  Quit
  ctrl+v   Paste image
  ctrl+g   External editor      Transcript (open first)
  ctrl+r   Search history       ctrl+t                 Open transcript
  esc esc  Edit last message    f3                     Find text
                                pgup / pgdn            Scroll
                                ctrl+space             Start selection
                                ctrl+home / ctrl+end   Top / latest
                                shift+⌥+, / shift+⌥+.  Top / latest

  /keymap customize

› Ask Codex to do anything

  ? / esc close
after closing:
                                        ⠁               ⡀   ⠄           ⠄   ⠄
› Ask Codex to do anything                                   ⠈
      ⠠                             ⠠        ⢀ ⢀     ⡀                         ⠄
  ? for shortcuts                                            100% context left

expires during help: true
initial:
                            ⠈     ⢀     ⠁                 ⠂
›⠁Ask Codex to do anything         ⠈      ⠁
       ⢀            ⠠     ⠄         ⠠          ⢀    ⠠     ⡀
  ? for shortcuts                                            100% context left
shortcut help:
  Keyboard shortcuts

  Compose                       Session
  /        Commands             tab     Send message
  @        Mention files        ⌥+,     Less reasoning
  !        Shell command        ⌥+.     More reasoning
  ctrl+j   New line             ctrl+c  Quit
  ctrl+v   Paste image
  ctrl+g   External editor      Transcript (open first)
  ctrl+r   Search history       ctrl+t                 Open transcript
  esc esc  Edit last message    f3                     Find text
                                pgup / pgdn            Scroll
                                ctrl+space             Start selection
                                ctrl+home / ctrl+end   Top / latest
                                shift+⌥+, / shift+⌥+.  Top / latest

  /keymap customize

› Ask Codex to do anything

  ? / esc close
after closing:

› Ask Codex to do anything

  ? for shortcuts                                            100% context left
