---
source: tui/src/bottom_pane/chat_composer/snapshot_tests.rs
expression: rows
---
                                                            
› Explore the night sky                                     
                                                            
                                         100% context left
