---
source: tui/src/bottom_pane/chat_composer/footer_state_tests.rs
assertion_line: 231
expression: "frames.join(\"\\n\\n\")"
---
60x8, cursor Some((10, 6))

› /




  Find: needle
  Enter next · Esc close

24x8, cursor Some((10, 6))

› /




  Find: needle
  Enter next · Esc close

12x3, cursor None

› /
