---
source: tui/src/bottom_pane/chat_composer/sparkle_tests.rs
expression: "snapshots.join(\"\\n\\n\")"
---
accept:

› Ask Codex to do anything

  ? for shortcuts                                            100% context left

escape:
                            ⠈     ⢀     ⠁                 ⠂
›⠁Ask Codex to do anything         ⠈      ⠁
       ⢀            ⠠     ⠄         ⠠          ⢀    ⠠     ⡀
  ? for shortcuts                                            100% context left
