---
source: tui/src/bottom_pane/chat_composer/sparkle_tests.rs
expression: "snapshots.join(\"\\n\\n\")"
---
gpt-6-astra
before disconnect:
                            ⠈     ⢀     ⠁                 ⠂
›⠁Ask Codex to do anything         ⠈      ⠁
       ⢀            ⠠     ⠄         ⠠          ⢀    ⠠     ⡀
  ? for shortcuts                                            100% context left
after typing and erasing without rendering:

› Ask Codex to do anything

  ? for shortcuts                                            100% context left

gpt-5.5
before disconnect:

› Ask Codex to do anything

  ? for shortcuts                                            100% context left
after typing and erasing without rendering:

› Ask Codex to do anything

  ? for shortcuts                                            100% context left
