---
source: core/tests/suite/scenarios.rs
expression: "context_snapshot::format_request_history_snapshot(\"A non-deferred connector is called through code mode while another connector stays deferred.\",\n&requests,\n&ContextSnapshotOptions::default().rewrite_known_segments().include_request_settings(),)"
---
Scenario: A non-deferred connector is called through code mode while another connector stays deferred.

## Window 1
Settings:
  include: ["reasoning.encrypted_content"]
  instructions: <MODEL_INSTRUCTIONS>
  model: "gpt-5.5"
  parallel_tool_calls: true
  prompt_cache_key: "<PROMPT_CACHE_KEY 1>"
  reasoning: {"effort":"medium"}
  store: false
  stream: true
  text: {"verbosity":"low"}
  tool_choice: "auto"
  tools (4; hash=8f44dd235bfe4473):
    - custom/exec: Run JavaScript code to orchestrate/compose tool calls - Evaluates the provided JavaScript code in...; hash=0fc6c2a32798a2ec
    - function/wait: Waits on a yielded `exec` cell and returns new output or completion. - Use `wait` only after `exe...; args=[cell_id, max_tokens, terminate, yield_time_ms]; hash=6692d8f6c55be489
    - function/request_user_input: Request user input for one to three short questions and wait for the response. This tool is only ...; args=[questions]; hash=64a729b25c424fc6
    - web_search; hash=e214d4db1bc49e89
-- request 1 (turn) --
00:message/developer[2]:
    [01] <PERMISSIONS_INSTRUCTIONS>
    [02] <APPS_INSTRUCTIONS>
01:message/user:
    <ENVIRONMENT_CONTEXT>
02:message/user:
    Look up my calendar.
-- request 2 (turn) --
03:custom_tool_call/exec:text((await tools.mcp__codex_apps__calendar__lookup({})).content[0].text);
04:custom_tool_call_output:Script completed
    Wall time <DURATION> seconds
    Output:
     | calendar-lookup-ok
