---
source: core/tests/suite/scenarios.rs
expression: "context_snapshot::format_request_history_snapshot(\"Astra receives host and handler timings on completed and failed code-mode calls.\",\n&mock.requests(), &ContextSnapshotOptions::default(),)"
---
Scenario: Astra receives host and handler timings on completed and failed code-mode calls.

## Window 1
-- request 1 (turn) --
00:additional_tools/developer (3; hash=9e8e744a3a55a2dd):
        - namespace/functions; hash=e7db0a45c4ec3157
          - custom/exec
          - function/wait
          - function/request_user_input
          - function/request_user_input_async
        - namespace/clock: Tools for reading and waiting on time.; hash=f402e8c5e9b5e317
          - function/sleep
        - namespace/collaboration: Tools for spawning and managing sub-agents.; hash=91f6de0e2773854f
          - function/followup_task
          - function/interrupt_agent
          - function/list_agents
          - function/send_message
          - function/spawn_agent
          - function/wait_agent
01:message/developer:
    You are Codex, an agent based on GPT-6. You and the user share one workspace, and your job is to collabo...them until their intended goal is completely handled. [hash=efa50f074efa5803]

    # When to ask the user for permission

    Use your best judgement given task context for when you really need user permission, like a competent co...ork without ending the turn to clarify with the user. [hash=ca7367e658b51388]

    User authorization and preferences persist across turns. Do not request permission again when the user h... any guidelines provided in skills or external files. [hash=911f91c92c72882c]

    <OMITTED 155 LINES; ~4895 TOKENS; hash=fd5ef18a80f62502>

    - Skill naming: If a plugin contributes skills, those skill entries are prefixed with plugin_name: in the Skills list.
    - MCP naming: Plugin-provided MCP tools keep standard MCP identifiers such as mcp__server__tool; use tool provenance to tell which plugin they come from.
    - Trigger rules: If the user explicitly names a plugin, prefer capabilities associated with that plugin for that turn.
    - Relationship to capabilities: Plugins are not invoked directly. Use their underlying skills, MCP tools, and app tools to help solve the task.
    - Relevance: Determine what a plugin can help with from explicit user mention or from the plugin-associa..., MCP tools, and apps exposed elsewhere in this turn. [hash=620459a4e7b590f0]
    - Missing/blocked: If the user requests a plugin that does not have relevant callable capabilities for t..., say so briefly and continue with the best fallback. [hash=746b0469a8f6cb3e]

02:message/developer[2]:
    [01] <permissions instructions>
        Filesystem sandboxing defines which files can be read or written. `sandbox_mode` is `danger-full-access`...ll commands are permitted. Network access is enabled. [hash=c134061cebb94a1b]
        Approval policy is currently never. Do not provide the `sandbox_permissions` for any reason, commands will be rejected.
        </permissions instructions>
    [02] <collaboration_mode># Collaboration Mode: Default

        You are now in Default mode. Any previous instructions for other modes (e.g. Plan mode) are no longer active.

        Your active mode changes only when new developer instructions with a different `<collaboration_mode>...<...by themselves. Known mode names are Default and Plan. [hash=e75f6b12fc52d812]

        ## request_user_input availability

        Use the `request_user_input` tool only when it is listed in the available tools for this turn.

        In Default mode, strongly prefer making reasonable assumptions and executing the user's request rather than stopping to ask questions.

        Use the `request_user_input` tool only for optional questions where the answer would materially improve the quality of the work.

        If `request_user_input` returns no answers, continue with best judgment instead of asking again or treating the turn as blocked.

        Never use the `request_user_input` tool for permission requests or permission-related escalations.

        If explicit user input is required for another reason before progress can safely continue, do not use th... as a textual assistant message.</collaboration_mode> [hash=8213052bde4a62b2]
03:message/developer:
    <multi_agent_role>You are `/root`, the primary agent in a team of agents collaborating to fulfill the user's goals.

    At the start of your turn, you are the active agent.
    You can spawn sub-agents to handle subtasks, and those sub-agents can spawn their own sub-agents.
    All agents in the team, including the agents that you can assign tasks to, are equally intelligent and capable, and have access to the same set of tools.

    You can use `spawn_agent` to create a new agent, `followup_task` to give an existing agent a new task an...message to a running agent without triggering a turn. [hash=7d40ff8b58977202]
    `send_message` calls may be read by a human, so ensure they are legible. Always put proper spaces between words and/or numbers.
    <OMITTED 17 LINES; ~246 TOKENS; hash=780031e2df907944>
    - All agents use the same current working directory.
    - As a result, edits made by one agent are immediately visible to all other agents.

    When calling `wait_agent`, prefer longer waits (minutes) to avoid busy polling.

    There are 4 available concurrency slots, meaning that up to 4 agents can be active at once, including you.

    Full-history forks (`fork_turns` omitted or `"all"`) inherit the parent model and reasoning effort and d...ne"` or a positive integer string.</multi_agent_role> [hash=c7f52e90688299ce]
04:message/developer:
    <multi_agent_mode>Any earlier instruction enabling proactive multi-agent delegation no longer applies. D...elegation, or parallel agent work.</multi_agent_mode> [hash=2b6e037067b4390c]
05:message/user:
    <environment_context>
      <cwd><CWD></cwd>
      <shell><HOST_SHELL></shell>
      <current_date><CURRENT_DATE></current_date>
      <timezone><HOST_TIMEZONE></timezone>
      <filesystem><workspace_roots><root><CWD></root></workspace_roots><permission_profile type="disabled"><...e="unrestricted" /></permission_profile></filesystem> [hash=d40b2f45cb028888]
    </environment_context>
06:message/user:
    Run a code cell, then inspect its timing and a failed wait.
-- request 2 (turn) --
07:custom_tool_call/exec:text('ready');
08:custom_tool_call_output:Script completed
    Wall time <DURATION> seconds (code-mode <DURATION> seconds; overhead <DURATION> seconds)
    Output:
     | ready
-- request 3 (turn) --
09:function_call/functions.wait:{"cell_id":"missing"}
10:function_call_output:Script failed
    Wall time <DURATION> seconds (code-mode <DURATION> seconds; overhead <DURATION> seconds)
    Output:
     | Script error:
    exec cell missing not found
