---
source: core/tests/suite/model_visible_layout.rs
expression: "format_labeled_requests_snapshot(\"Second turn changes cwd to a directory with different AGENTS.md and refreshes the model-visible instructions.\",\n&[(\"First Request (agents_one)\", &requests[0]),\n(\"Second Request (agents_two cwd)\", &requests[1]),])"
---
Scenario: Second turn changes cwd to a directory with different AGENTS.md and refreshes the model-visible instructions.

## Window 1
-- request 1 (turn; First Request (agents_one)) --
00:message/developer[2]:
    [01] <SKILLS_INSTRUCTIONS>
    [02] <PERMISSIONS_INSTRUCTIONS>
01:message/user[2]:
    [01] <AGENTS_MD>
    [02] <ENVIRONMENT_CONTEXT>
02:message/user:
    first turn in agents_one
-- request 2 (turn; Second Request (agents_two cwd)) --
03:message/assistant:
    turn one complete
04:message/user[2]:
    [01] <AGENTS_MD>
    [02] <ENVIRONMENT_CONTEXT>
05:message/user:
    second turn in agents_two
