---
source: core/tests/suite/token_budget.rs
expression: snapshot
---
Scenario: New context window tool installs fresh full context before the next follow-up request.

## Window 1
-- request 1 (turn; Final Follow-Up Request) --
00:message/developer[2]:
    [01] <SKILLS_INSTRUCTIONS>
    [02] <PERMISSIONS_INSTRUCTIONS>
01:message/developer:
    <context_window>
    Agent name: /root
    First context window id: <UUID 1>
    Current context window id: <UUID 2>
    Previous context window id: <UUID 1>
    </context_window>
02:message/user:
    <ENVIRONMENT_CONTEXT>
03:function_call/update_plan:{"plan":[{"status":"in_progress","step":"Continue in the new context window"}]}
04:function_call_output:Plan updated
