---
source: tui/tests/suite/focus_palette.rs
assertion_line: 484
expression: failure.trim()
---
Error: daemon executable not found at [CODEX_HOME]/packages/app-server-daemon/current/bin/codex; repair the existing installation, or run `codex app-server daemon start` to install a missing daemon
To work without the background server, rerun the same command with --no-daemon (including resume or fork and its arguments).
