---
source: tui/src/bottom_pane/chat_composer.rs
assertion_line: 5328
expression: terminal.backend()
---
"› /diff  show git diff (including untracked files)                                                  "
"                                                                                                    "
"› /dide tail                                                                                        "
"                                                                                                    "
"                                                                                                    "
"                                                                                                    "
"                                                                                                    "
"                                                                                                    "
"                                                                  100% context left | Vim: Replace  "
