---
source: tui/src/bottom_pane/chat_composer.rs
assertion_line: 5328
expression: terminal.backend()
---
"  Mentions                                                                                          "
"   All Results   Filesystem Only   Plugins                                                          "
"  migr                                                                                              "
"› Review database migration  /workspace/project                                               Task  "
"  enter/tab insert · esc close · ↑/↓ select · ←/→ filter                                            "
"                                                                                                    "
"› @migr                                                                                             "
"                                                                                                    "
"                                                                                 100% context left  "
