---
source: tui/src/bottom_pane/command_popup.rs
expression: "snapshots.join(\"\\n\\n\")"
---
width 32
Buffer {
    area: Rect { x: 0, y: 0, width: 32, height: 3 },
    content: [
        "› /tier-one  Use faster         ",
        "             inference          ",
        "  /tier-two  Keep default speed ",
    ],
    styles: [
        x: 0, y: 0, fg: Reset, bg: Reset, underline: Reset, modifier: BOLD | REVERSED,
        x: 13, y: 0, fg: Reset, bg: Reset, underline: Reset, modifier: REVERSED,
        x: 23, y: 0, fg: Reset, bg: Reset, underline: Reset, modifier: BOLD | REVERSED,
        x: 13, y: 1, fg: Reset, bg: Reset, underline: Reset, modifier: REVERSED,
        x: 22, y: 1, fg: Reset, bg: Reset, underline: Reset, modifier: BOLD | REVERSED,
        x: 0, y: 2, fg: Reset, bg: Reset, underline: Reset, modifier: NONE,
        x: 3, y: 2, fg: Reset, bg: Reset, underline: Reset, modifier: BOLD,
        x: 7, y: 2, fg: Reset, bg: Reset, underline: Reset, modifier: NONE,
        x: 13, y: 2, fg: Reset, bg: Reset, underline: Reset, modifier: DIM,
        x: 31, y: 2, fg: Reset, bg: Reset, underline: Reset, modifier: NONE,
    ]
}

width 33
Buffer {
    area: Rect { x: 0, y: 0, width: 33, height: 2 },
    content: [
        "› /tier-one  Use faster inference",
        "  /tier-two  Keep default speed  ",
    ],
    styles: [
        x: 0, y: 0, fg: Reset, bg: Reset, underline: Reset, modifier: BOLD | REVERSED,
        x: 13, y: 0, fg: Reset, bg: Reset, underline: Reset, modifier: REVERSED,
        x: 0, y: 1, fg: Reset, bg: Reset, underline: Reset, modifier: NONE,
        x: 3, y: 1, fg: Reset, bg: Reset, underline: Reset, modifier: BOLD,
        x: 7, y: 1, fg: Reset, bg: Reset, underline: Reset, modifier: NONE,
        x: 13, y: 1, fg: Reset, bg: Reset, underline: Reset, modifier: DIM,
        x: 31, y: 1, fg: Reset, bg: Reset, underline: Reset, modifier: NONE,
    ]
}

width 34
Buffer {
    area: Rect { x: 0, y: 0, width: 34, height: 2 },
    content: [
        "› /tier-one  Use faster inference ",
        "  /tier-two  Keep default speed   ",
    ],
    styles: [
        x: 0, y: 0, fg: Reset, bg: Reset, underline: Reset, modifier: BOLD | REVERSED,
        x: 13, y: 0, fg: Reset, bg: Reset, underline: Reset, modifier: REVERSED,
        x: 33, y: 0, fg: Reset, bg: Reset, underline: Reset, modifier: BOLD | REVERSED,
        x: 0, y: 1, fg: Reset, bg: Reset, underline: Reset, modifier: NONE,
        x: 3, y: 1, fg: Reset, bg: Reset, underline: Reset, modifier: BOLD,
        x: 7, y: 1, fg: Reset, bg: Reset, underline: Reset, modifier: NONE,
        x: 13, y: 1, fg: Reset, bg: Reset, underline: Reset, modifier: DIM,
        x: 31, y: 1, fg: Reset, bg: Reset, underline: Reset, modifier: NONE,
    ]
}
