---
source: tui/src/bottom_pane/chat_composer.rs
assertion_line: 5294
expression: terminal.backend()
---
"  Keyboard shortcuts                                                            "
"                                                                                "
"  Compose                       Session                                         "
"  /        Commands             tab     Send message                            "
"  @        Mention files        ⌥+,     Less reasoning                          "
"  !        Shell command        ⌥+.     More reasoning                          "
"  ctrl+j   New line             ←       Agents (empty prompt)                   "
"  ctrl+v   Paste image          ctrl+c  Quit                                    "
"  ctrl+g   External editor                                                      "
"  ctrl+r   Search history       Transcript (open first)                         "
"  esc esc  Edit last message    ctrl+t                 Open transcript          "
"                                f3                     Find text                "
"                                pgup / pgdn            Scroll                   "
"                                ctrl+space             Start selection          "
"                                ctrl+home / ctrl+end   Top / latest             "
"                                shift+⌥+, / shift+⌥+.  Top / latest             "
"                                                                                "
"  /keymap customize                                                             "
"                                                                                "
"› Ask Codex to do anything                                                      "
"                                                                                "
"                                                                                "
"                                                                                "
"                                                                                "
"                                                                                "
"  ? / esc close                                                                 "
