---
source: tui/src/bottom_pane/chat_composer.rs
expression: terminal.backend()
---
"                                                                                                    "
"› Sample Plugin  [Plugin] Plugin that includes the Figma MCP server and Skills for common workflows "
"                                                                                                    "
"  enter insert · esc close                                                                          "
"                                                                                                    "
"› $sa                                                                                               "
"                                                                                                    "
"                                                                                                    "
"                                                                                 100% context left  "
