---
source: tui/src/bottom_pane/chat_composer.rs
expression: terminal.backend()
---
"                                                                                                    "
"› 1password  [Skill] Example skill used in tests.                                                   "
"                                                                                                    "
"  enter insert · esc close                                                                          "
"                                                                                                    "
"› $1p                                                                                               "
"                                                                                                    "
"                                                                                                    "
"                                                                                 100% context left  "
