---
source: tui/src/bottom_pane/hooks_browser_view.rs
expression: "render_lines(&view, 112)"
---
                                                                                                                
  PreToolUse hooks                                                                                              
  Turn hooks on or off. Your changes are saved automatically.                                                   
                                                                                                                
› [x] Hook 1                                                                                                    
                                                                                                                
  Event     PreToolUse                                                                                          
  Matcher   Bash                                                                                                
  Source    User config - /tmp/hooks.json                                                                       
  Command   /tmp/pre-tool-use.sh                                                                                
  Mode      Sync                                                                                                
  Timeout   30s                                                                                                 
  Context   unlimited                                                                                           
  Trust     Trusted                                                                                             
                                                                                                                
                                                                                                                
  space/enter toggle · esc back
