---
source: tui/src/bottom_pane/chat_composer.rs
expression: terminal.backend()
---
"                                                                                                    "
"› left  [Skill] Example skill used in tests.                                                        "
"                                                                                                    "
"  enter insert · esc close                                                                          "
"                                                                                                    "
"› $left  $bound/path                                                                                "
"                                                                                                    "
"                                                                                                    "
"                                                                                 100% context left  "
