---
source: tui/src/bottom_pane/user_verification_tests.rs
expression: "render_view_lines(&view, 80)"
---

  Production deployment needs your approval.

  Server: deployments

  Approve deploying the reviewed release?


› 1. Verify and approve (y)
  2. Cancel this request (c)

  Press enter to confirm or esc to cancel
