---
source: tui/src/bottom_pane/chat_composer.rs
assertion_line: 5328
expression: terminal.backend()
---
"  Mentions                                                                                          "
"   All Results   Filesystem Only   Plugins                                                          "
"  left                                                                                              "
"› left  Plugin used to test bound mention fallback.                                           Plugin"
"  enter/tab insert · esc close · ↑/↓ select · ←/→ filter                                            "
"                                                                                                    "
"› @left  @bound                                                                                     "
"                                                                                                    "
"                                                                                 100% context left  "
