---
source: tui/src/bottom_pane/chat_composer.rs
expression: terminal.backend()
---
"› /btw  start a side conversation in an ephemeral fork      "
"                                                            "
"› /bt                                                       "
"                                                            "
"                                         100% context left  "
