---
source: tui/src/chatwidget/tests/popups_and_settings.rs
expression: loaded_popup
---
  Plugins
  Workspace.
  This section loaded successfully.

   All Plugins   Installed (0)   OpenAI Curated   Workspace   Add Marketplace

  Type to search plugins

› No workspace plugins available  No workspace directory plugins are available.








  ←/→ tabs · enter details · space toggle · esc close
