---
source: tui/src/chatwidget/tests/side.rs
expression: terminal.backend()
---
"                                                                                "
"                                                                                "
"› Ask Codex to do anything                                                      "
"                                                                                "
"  GPT-5.6-Sol                                                  ctrl+/ for side  "
