---
source: tui/src/chatwidget/tests/popups_and_settings.rs
assertion_line: 3465
expression: "render_bottom_popup(&chat, 80)"
---
  Select Model and Effort


› 1. Renamed model                  Balanced agentic coding model for everyday
                                    work.
  2. Shared display name (current)  Frontier model for complex coding, research,
                                    and real-world work.

  enter select · esc back
