---
source: tui/src/chatwidget/tests/status_and_layout.rs
expression: snapshot
---
"                                                                                "
"• Working (0s • esc to interrupt)                                               "
"                                                                                "
"                                                                                "
"› Ask Codex to do anything                                                      "
"                                                                                "
"  GPT-5.6-Sol default · /tmp/project                Goal paused (/goal resume)  "
