---
source: tui/src/chatwidget/rendering_tests.rs
expression: "rows.iter().map(|row| row.trim_end()).collect::<Vec<_>>().join(\"\\n\")"
---


  🔒   This conversation is open in another app  R to Retry
      Close it there and press R to continue here.

   r retry   esc/ctrl+c/q exit   ctrl+t transcript
