---
source: tui/src/chatwidget/tests/model_display_name_tests.rs
expression: normalized_backend_snapshot(terminal.backend())
---
"                                                                                "
"                                                                                "
"› Ask Codex to do anything                                                      "
"                                                                                "
"  GPT-5.6 Luna · GPT-5.6 Luna high                                              "
