---
source: tui/src/external_agent_config_migration/source_tests.rs
expression: terminal.backend()
---

Choose an import source

  Select the app whose setup you want to import.

› 1. Claude Code                                                                
  2. Cursor

  enter continue · esc cancel
