---
source: tui/src/external_agent_config_migration/flow_tests.rs
expression: messages
---
• Import started. You can keep working while it finishes.
  Imported setup will apply to new chats.
  Importing:
    Settings: 1
    Memory: 2 — project-a, project-b
    Skills: 4 — triage, release-notes, risk-check, +1 more
    MCP servers: 2 — docs, issues
    Chat sessions: 3 — Alpha rollout, Beta review, Gamma notes
    Plugins: 2 — formatter, reviewer
• Import started. You can keep working while it finishes.
  Imported setup will apply to new chats.
  Importing:
    Settings: 1
    Memory: 2 — project-a, project-b
    Skills: 4 — triage, release-notes, risk-check, +1 more
    MCP servers: 2 — docs, issues
    Chat sessions: 3 — Alpha rollout, Beta review, Gamma notes
    Plugins: 2 — formatter, reviewer
  1 additional item remains. After it finishes, run /import again to review it.
• Import started. You can keep working while it finishes.
  Imported setup will apply to new chats.
  Importing:
    Settings: 1
    Memory: 2 — project-a, project-b
    Skills: 4 — triage, release-notes, risk-check, +1 more
    MCP servers: 2 — docs, issues
    Chat sessions: 3 — Alpha rollout, Beta review, Gamma notes
    Plugins: 2 — formatter, reviewer
  2 additional items remain. After it finishes, run /import again to review them.
• Import finished: 4 imported, 1 failed.
  Results by type:
    Settings: 1 imported, 0 failed
    Memory: 2 imported, 0 failed
    Plugins: 1 imported, 1 failed
  Run /import again to check for additional items.
No compatible setup was found to import.
Import from other apps is unavailable in remote sessions. Start Codex locally and run /import.
Import from other apps is unavailable while Codex is connected to the local app-server daemon. Restart with `codex --no-daemon` and run /import.
A previous external agent import is still running. Wait for it to finish before importing again.
