---
source: tui/src/bottom_pane/async_questions/state_tests.rs
expression: buffer_text(&buffer)
---

  Long question Long question Long question
  Long question Long question Long question
  Long question Long question Long question
  Long question Long question Long question
  Long question Long question Long question
  Long question Long question Long question
  Long question Long question Long question
  › 2. Other
