---
source: tui/src/bottom_pane/async_questions/state_tests.rs
expression: buffer_text(&buffer)
---

  Second

    1. A suggested answer that is
       long enough to wrap across
       multiple rows
  › 2. An alternative answer that
       wraps across several option
       rows

  enter submit   ctrl+] skip
  ⌥+↓ main prompt
