---
source: tui/src/onboarding/welcome.rs
assertion_line: 227
expression: visible.trim_end()
---


                   ⢀⣠⣤⣶⣶⣿⣿⣿⣿⣿⣶⣶⣤⣀
                 ⣠⣶⣿⣿⣿⣿⠿⠿⠛⠛⠛⠿⢿⣿⣿⣿⣷⣦⡀
               ⢀⣾⣿⣿⡿⠟⠁         ⠙⠻⣿⣿⣿⣆
              ⢠⣿⣿⣿⠏              ⠘⢿⣿⣿⣇
              ⣿⣿⣿⠃  ⣴⣿⣦           ⠈⢿⣿⣿⡆
             ⢸⣿⣿⡇   ⠹⣿⣿⣷⡀          ⠸⣿⣿⣷
             ⢾⣿⣿⡇    ⢸⣿⣿⡷           ⣿⣿⣿
             ⢸⣿⣿⡇   ⣰⣿⣿⡿⠁ ⣠⣤⣤⣤⣤⣤⡀  ⢠⣿⣿⣿
             ⠘⣿⣿⣿⡄  ⠻⣿⠟   ⠿⣿⣿⣿⣿⣿⠇  ⣼⣿⣿⡇
              ⠹⣿⣿⣿⣄              ⢀⣾⣿⣿⡟
               ⠘⢿⣿⣿⣷⣄          ⢀⣴⣿⣿⣿⠟⠁
                ⠈⠙⢿⣿⣿⣿⣶⣤⣤⣤⣀⣠⣤⣴⣾⣿⣿⣿⠟⠃
                   ⠉⠛⠿⣿⣿⣿⣿⣿⣿⣿⣿⡿⠟⠋⠁
                       ⠈⠉⠉⠉⠉⠁


  Welcome to Codex, OpenAI's command-line coding agent
