---
source: tui/src/history_cell/dynamic_tests.rs
assertion_line: 81
expression: "snapshots.join(\"\\n\\n\")"
---
pending, compact
• Calling example.inspect

success, compact
• Called example.inspect
  └ Found the definition

success, full
• Called example.inspect
  └ Arguments: {
      "path": "src/main.rs"
    }
    Found the definition

success, raw
• Called example.inspect
Arguments: {"path":"src/main.rs"}
Found the definition

failure, compact
• Failed example.inspect
  └ Permission denied

unavailable, compact
• Called example.inspect
  └ (output unavailable)
